Archive member included to satisfy reference by file (symbol)

/usr/lib/gap_riscv_toolchain/bin/../lib/gcc/riscv32-unknown-elf/7.1.1/rv32imcxgap8/ilp32/libgcc.a(_bswapsi2.o)
                              /module/examples/other/my_example/BUILD/GAP8_V2/GCC_RISCV_FREERTOS//gap_sdk/rtos/pmsis/bsp/fs/lfs/lfs.o (__bswapsi2)
/usr/lib/gap_riscv_toolchain/bin/../lib/gcc/riscv32-unknown-elf/7.1.1/rv32imcxgap8/ilp32/libgcc.a(_divdi3.o)
                              /module/examples/other/my_example/BUILD/GAP8_V2/GCC_RISCV_FREERTOS//gap_sdk/rtos/freeRTOS/vendors/gwt/pmsis/backend/pmsis_backend_native_task_api.o (__divdi3)
/usr/lib/gap_riscv_toolchain/bin/../lib/gcc/riscv32-unknown-elf/7.1.1/rv32imcxgap8/ilp32/libgcc.a(_udivdi3.o)
                              /module/examples/other/my_example/BUILD/GAP8_V2/GCC_RISCV_FREERTOS//gap_sdk/rtos/freeRTOS/vendors/gwt/pmsis/backend/pmsis_backend_native_task_api.o (__udivdi3)
/usr/lib/gap_riscv_toolchain/bin/../lib/gcc/riscv32-unknown-elf/7.1.1/rv32imcxgap8/ilp32/libgcc.a(adddf3.o)
                              /module/examples/other/my_example/BUILD/GAP8_V2/GCC_RISCV_FREERTOS//gap_sdk/rtos/freeRTOS/vendors/gwt/libs/printf/printf.o (__adddf3)
/usr/lib/gap_riscv_toolchain/bin/../lib/gcc/riscv32-unknown-elf/7.1.1/rv32imcxgap8/ilp32/libgcc.a(divdf3.o)
                              /module/examples/other/my_example/BUILD/GAP8_V2/GCC_RISCV_FREERTOS//gap_sdk/rtos/freeRTOS/vendors/gwt/libs/printf/printf.o (__divdf3)
/usr/lib/gap_riscv_toolchain/bin/../lib/gcc/riscv32-unknown-elf/7.1.1/rv32imcxgap8/ilp32/libgcc.a(eqdf2.o)
                              /module/examples/other/my_example/BUILD/GAP8_V2/GCC_RISCV_FREERTOS//gap_sdk/rtos/freeRTOS/vendors/gwt/libs/printf/printf.o (__nedf2)
/usr/lib/gap_riscv_toolchain/bin/../lib/gcc/riscv32-unknown-elf/7.1.1/rv32imcxgap8/ilp32/libgcc.a(gedf2.o)
                              /module/examples/other/my_example/BUILD/GAP8_V2/GCC_RISCV_FREERTOS//gap_sdk/rtos/freeRTOS/vendors/gwt/libs/printf/printf.o (__gedf2)
/usr/lib/gap_riscv_toolchain/bin/../lib/gcc/riscv32-unknown-elf/7.1.1/rv32imcxgap8/ilp32/libgcc.a(ledf2.o)
                              /module/examples/other/my_example/BUILD/GAP8_V2/GCC_RISCV_FREERTOS//gap_sdk/rtos/freeRTOS/vendors/gwt/libs/printf/printf.o (__ltdf2)
/usr/lib/gap_riscv_toolchain/bin/../lib/gcc/riscv32-unknown-elf/7.1.1/rv32imcxgap8/ilp32/libgcc.a(muldf3.o)
                              /module/examples/other/my_example/BUILD/GAP8_V2/GCC_RISCV_FREERTOS//gap_sdk/rtos/freeRTOS/vendors/gwt/libs/printf/printf.o (__muldf3)
/usr/lib/gap_riscv_toolchain/bin/../lib/gcc/riscv32-unknown-elf/7.1.1/rv32imcxgap8/ilp32/libgcc.a(subdf3.o)
                              /module/examples/other/my_example/BUILD/GAP8_V2/GCC_RISCV_FREERTOS//gap_sdk/rtos/freeRTOS/vendors/gwt/libs/printf/printf.o (__subdf3)
/usr/lib/gap_riscv_toolchain/bin/../lib/gcc/riscv32-unknown-elf/7.1.1/rv32imcxgap8/ilp32/libgcc.a(fixdfsi.o)
                              /module/examples/other/my_example/BUILD/GAP8_V2/GCC_RISCV_FREERTOS//gap_sdk/rtos/freeRTOS/vendors/gwt/libs/printf/printf.o (__fixdfsi)
/usr/lib/gap_riscv_toolchain/bin/../lib/gcc/riscv32-unknown-elf/7.1.1/rv32imcxgap8/ilp32/libgcc.a(fixunsdfsi.o)
                              /module/examples/other/my_example/BUILD/GAP8_V2/GCC_RISCV_FREERTOS//gap_sdk/rtos/freeRTOS/vendors/gwt/libs/printf/printf.o (__fixunsdfsi)
/usr/lib/gap_riscv_toolchain/bin/../lib/gcc/riscv32-unknown-elf/7.1.1/rv32imcxgap8/ilp32/libgcc.a(floatsidf.o)
                              /module/examples/other/my_example/BUILD/GAP8_V2/GCC_RISCV_FREERTOS//gap_sdk/rtos/freeRTOS/vendors/gwt/libs/printf/printf.o (__floatsidf)
/usr/lib/gap_riscv_toolchain/bin/../lib/gcc/riscv32-unknown-elf/7.1.1/rv32imcxgap8/ilp32/libgcc.a(floatunsidf.o)
                              /module/examples/other/my_example/BUILD/GAP8_V2/GCC_RISCV_FREERTOS//gap_sdk/rtos/freeRTOS/vendors/gwt/libs/printf/printf.o (__floatunsidf)
/usr/lib/gap_riscv_toolchain/bin/../lib/gcc/riscv32-unknown-elf/7.1.1/rv32imcxgap8/ilp32/libgcc.a(divsf3.o)
                              /module/examples/other/my_example/BUILD/GAP8_V2/GCC_RISCV_FREERTOS//gap_sdk/rtos/freeRTOS/vendors/gwt/gap8/pmsis/drivers/timer/timer.o (__divsf3)
/usr/lib/gap_riscv_toolchain/bin/../lib/gcc/riscv32-unknown-elf/7.1.1/rv32imcxgap8/ilp32/libgcc.a(mulsf3.o)
                              /module/examples/other/my_example/BUILD/GAP8_V2/GCC_RISCV_FREERTOS//gap_sdk/rtos/freeRTOS/vendors/gwt/gap8/pmsis/drivers/timer/timer.o (__mulsf3)
/usr/lib/gap_riscv_toolchain/bin/../lib/gcc/riscv32-unknown-elf/7.1.1/rv32imcxgap8/ilp32/libgcc.a(fixunssfsi.o)
                              /module/examples/other/my_example/BUILD/GAP8_V2/GCC_RISCV_FREERTOS//gap_sdk/rtos/freeRTOS/vendors/gwt/gap8/pmsis/drivers/timer/timer.o (__fixunssfsi)
/usr/lib/gap_riscv_toolchain/bin/../lib/gcc/riscv32-unknown-elf/7.1.1/rv32imcxgap8/ilp32/libgcc.a(floatunsisf.o)
[...]
Memory Configuration

Name             Origin             Length             Attributes
FC_tcdm          0x000000001b000000 0x0000000000004000
fc_tcdm_aliased  0x0000000000000004 0x0000000000003ffc
L2               0x000000001c000000 0x0000000000080000
L1_sram          0x0000000010000000 0x0000000000010000
*default*        0x0000000000000000 0xffffffffffffffff

Linker script and memory map

LOAD /module/examples/other/my_example/BUILD/GAP8_V2/GCC_RISCV_FREERTOS/hello_world_gap8.o
LOAD /module/examples/other/my_example/BUILD/GAP8_V2/GCC_RISCV_FREERTOS/../../../lib/cpx/src/com.o
LOAD /module/examples/other/my_example/BUILD/GAP8_V2/GCC_RISCV_FREERTOS/../../../lib/cpx/src/cpx.o
LOAD /module/examples/other/my_example/BUILD/GAP8_V2/GCC_RISCV_FREERTOS//gap_sdk/rtos/freeRTOS/vendors/gwt/gap8/src/device/startup_gap8.o
LOAD /module/examples/other/my_example/BUILD/GAP8_V2/GCC_RISCV_FREERTOS//gap_sdk/rtos/freeRTOS/vendors/gwt/gap8/src/device/gap8_iet.o
LOAD /module/examples/other/my_example/BUILD/GAP8_V2/GCC_RISCV_FREERTOS//gap_sdk/rtos/freeRTOS/vendors/gwt/gap8/pmsis/cluster/drivers/cluster_synchronisation/cluster_core.o
LOAD /module/examples/other/my_example/BUILD/GAP8_V2/GCC_RISCV_FREERTOS//gap_sdk/rtos/freeRTOS/vendors/gwt/gap8/pmsis/util/asm_util.o
LOAD /module/examples/other/my_example/BUILD/GAP8_V2/GCC_RISCV_FREERTOS//gap_sdk/rtos/freeRTOS/freertos_kernel/portable/GCC/RI5CY-GAP8/port_asm.o
LOAD /module/examples/other/my_example/BUILD/GAP8_V2/GCC_RISCV_FREERTOS//gap_sdk/rtos/freeRTOS/vendors/gwt/gap8/src/device/gap8_it.o
LOAD /module/examples/other/my_example/BUILD/GAP8_V2/GCC_RISCV_FREERTOS//gap_sdk/rtos/freeRTOS/vendors/gwt/gap8/src/device/system_gap8.o
LOAD /module/examples/other/my_example/BUILD/GAP8_V2/GCC_RISCV_FREERTOS//gap_sdk/rtos/freeRTOS/vendors/gwt/gap8/src/driver/gap_io.o
LOAD /module/examples/other/my_example/BUILD/GAP8_V2/GCC_RISCV_FREERTOS//gap_sdk/rtos/freeRTOS/vendors/gwt/libs/src/string.o
LOAD /module/examples/other/my_example/BUILD/GAP8_V2/GCC_RISCV_FREERTOS//gap_sdk/rtos/freeRTOS/vendors/gwt/libs/src/errno.o
LOAD /module/examples/other/my_example/BUILD/GAP8_V2/GCC_RISCV_FREERTOS//gap_sdk/rtos/freeRTOS/vendors/gwt/libs/src/stdlib.o
LOAD /module/examples/other/my_example/BUILD/GAP8_V2/GCC_RISCV_FREERTOS//gap_sdk/rtos/freeRTOS/vendors/gwt/gap8/pmsis/cluster/malloc/cl_malloc.o
LOAD /module/examples/other/my_example/BUILD/GAP8_V2/GCC_RISCV_FREERTOS//gap_sdk/rtos/freeRTOS/vendors/gwt/gap8/pmsis/cluster/drivers/cluster_synchronisation/cl_to_fc_delegate.o
LOAD /module/examples/other/my_example/BUILD/GAP8_V2/GCC_RISCV_FREERTOS//gap_sdk/rtos/freeRTOS/vendors/gwt/gap8/pmsis/cluster/drivers/cluster_synchronisation/fc_to_cl_delegate.o
LOAD /module/examples/other/my_example/BUILD/GAP8_V2/GCC_RISCV_FREERTOS//gap_sdk/rtos/freeRTOS/vendors/gwt/gap8/pmsis/cluster/drivers/cluster_team/cl_team.o
LOAD /module/examples/other/my_example/BUILD/GAP8_V2/GCC_RISCV_FREERTOS//gap_sdk/rtos/freeRTOS/vendors/gwt/gap8/pmsis/cluster/drivers/delegate/hyperbus/hyperbus_cl_internal.o
LOAD /module/examples/other/my_example/BUILD/GAP8_V2/GCC_RISCV_FREERTOS//gap_sdk/rtos/freeRTOS/vendors/gwt/gap8/pmsis/cluster/drivers/delegate/uart/uart_cl_internal.o
LOAD /module/examples/other/my_example/BUILD/GAP8_V2/GCC_RISCV_FREERTOS//gap_sdk/rtos/freeRTOS/vendors/gwt/gap8/pmsis/cluster/drivers/dma/cl_dma_irq.o
LOAD /module/examples/other/my_example/BUILD/GAP8_V2/GCC_RISCV_FREERTOS//gap_sdk/rtos/freeRTOS/vendors/gwt/gap8/pmsis/drivers/fc_event/fc_event.o
LOAD /module/examples/other/my_example/BUILD/GAP8_V2/GCC_RISCV_FREERTOS//gap_sdk/rtos/freeRTOS/vendors/gwt/gap8/pmsis/drivers/fll/fll.o
LOAD /module/examples/other/my_example/BUILD/GAP8_V2/GCC_RISCV_FREERTOS//gap_sdk/rtos/freeRTOS/vendors/gwt/gap8/pmsis/drivers/gpio/gpio.o
LOAD /module/examples/other/my_example/BUILD/GAP8_V2/GCC_RISCV_FREERTOS//gap_sdk/rtos/freeRTOS/vendors/gwt/gap8/pmsis/drivers/pad/pad.o
LOAD /module/examples/other/my_example/BUILD/GAP8_V2/GCC_RISCV_FREERTOS//gap_sdk/rtos/freeRTOS/vendors/gwt/gap8/pmsis/drivers/pmu/pmu.o
LOAD /module/examples/other/my_example/BUILD/GAP8_V2/GCC_RISCV_FREERTOS//gap_sdk/rtos/freeRTOS/vendors/gwt/gap8/pmsis/drivers/pmu/pmu_internal.o
LOAD /module/examples/other/my_example/BUILD/GAP8_V2/GCC_RISCV_FREERTOS//gap_sdk/rtos/freeRTOS/vendors/gwt/gap8/pmsis/drivers/pwm/pwm.o
LOAD /module/examples/other/my_example/BUILD/GAP8_V2/GCC_RISCV_FREERTOS//gap_sdk/rtos/freeRTOS/vendors/gwt/gap8/pmsis/drivers/pwm/pwm_internal.o
LOAD /module/examples/other/my_example/BUILD/GAP8_V2/GCC_RISCV_FREERTOS//gap_sdk/rtos/freeRTOS/vendors/gwt/gap8/pmsis/drivers/rtc/rtc.o
LOAD /module/examples/other/my_example/BUILD/GAP8_V2/GCC_RISCV_FREERTOS//gap_sdk/rtos/freeRTOS/vendors/gwt/gap8/pmsis/drivers/rtc/rtc_internal.o
LOAD /module/examples/other/my_example/BUILD/GAP8_V2/GCC_RISCV_FREERTOS//gap_sdk/rtos/freeRTOS/vendors/gwt/gap8/pmsis/drivers/timer/timer.o
LOAD /module/examples/other/my_example/BUILD/GAP8_V2/GCC_RISCV_FREERTOS//gap_sdk/rtos/freeRTOS/vendors/gwt/gap8/pmsis/drivers/udma/hyperbus/hyperbus.o
LOAD /module/examples/other/my_example/BUILD/GAP8_V2/GCC_RISCV_FREERTOS//gap_sdk/rtos/freeRTOS/vendors/gwt/gap8/pmsis/drivers/udma/hyperbus/hyperbus_internal.o
LOAD /module/examples/other/my_example/BUILD/GAP8_V2/GCC_RISCV_FREERTOS//gap_sdk/rtos/freeRTOS/vendors/gwt/gap8/pmsis/drivers/udma/cpi/cpi.o
LOAD /module/examples/other/my_example/BUILD/GAP8_V2/GCC_RISCV_FREERTOS//gap_sdk/rtos/freeRTOS/vendors/gwt/gap8/pmsis/drivers/udma/cpi/cpi_internal.o
LOAD /module/examples/other/my_example/BUILD/GAP8_V2/GCC_RISCV_FREERTOS//gap_sdk/rtos/freeRTOS/vendors/gwt/gap8/pmsis/drivers/udma/dmacpy/dmacpy.o
LOAD /module/examples/other/my_example/BUILD/GAP8_V2/GCC_RISCV_FREERTOS//gap_sdk/rtos/freeRTOS/vendors/gwt/gap8/pmsis/drivers/udma/dmacpy/dmacpy_internal.o
LOAD /module/examples/other/my_example/BUILD/GAP8_V2/GCC_RISCV_FREERTOS//gap_sdk/rtos/freeRTOS/vendors/gwt/gap8/pmsis/drivers/udma/i2c/i2c.o
LOAD /module/examples/other/my_example/BUILD/GAP8_V2/GCC_RISCV_FREERTOS//gap_sdk/rtos/freeRTOS/vendors/gwt/gap8/pmsis/drivers/udma/i2c/i2c_internal.o
LOAD /module/examples/other/my_example/BUILD/GAP8_V2/GCC_RISCV_FREERTOS//gap_sdk/rtos/freeRTOS/vendors/gwt/gap8/pmsis/drivers/udma/i2s/i2s.o
LOAD /module/examples/other/my_example/BUILD/GAP8_V2/GCC_RISCV_FREERTOS//gap_sdk/rtos/freeRTOS/vendors/gwt/gap8/pmsis/drivers/udma/i2s/i2s_internal.o
LOAD /module/examples/other/my_example/BUILD/GAP8_V2/GCC_RISCV_FREERTOS//gap_sdk/rtos/freeRTOS/vendors/gwt/gap8/pmsis/drivers/udma/spi/spi.o
LOAD /module/examples/other/my_example/BUILD/GAP8_V2/GCC_RISCV_FREERTOS//gap_sdk/rtos/freeRTOS/vendors/gwt/gap8/pmsis/drivers/udma/spi/spi_internal.o
LOAD /module/examples/other/my_example/BUILD/GAP8_V2/GCC_RISCV_FREERTOS//gap_sdk/rtos/freeRTOS/vendors/gwt/gap8/pmsis/drivers/udma/uart/uart.o
LOAD /module/examples/other/my_example/BUILD/GAP8_V2/GCC_RISCV_FREERTOS//gap_sdk/rtos/freeRTOS/vendors/gwt/gap8/pmsis/drivers/udma/uart/uart_internal.o
LOAD /module/examples/other/my_example/BUILD/GAP8_V2/GCC_RISCV_FREERTOS//gap_sdk/rtos/pmsis/bsp/flash/flash.o
LOAD /module/examples/other/my_example/BUILD/GAP8_V2/GCC_RISCV_FREERTOS//gap_sdk/rtos/pmsis/bsp/partition/partition.o
LOAD /module/examples/other/my_example/BUILD/GAP8_V2/GCC_RISCV_FREERTOS//gap_sdk/rtos/pmsis/bsp/partition/flash_partition.o
LOAD /module/examples/other/my_example/BUILD/GAP8_V2/GCC_RISCV_FREERTOS//gap_sdk/rtos/pmsis/bsp/crc/md5.o
LOAD /module/examples/other/my_example/BUILD/GAP8_V2/GCC_RISCV_FREERTOS//gap_sdk/rtos/pmsis/bsp/fs/fs.o
LOAD /module/examples/other/my_example/BUILD/GAP8_V2/GCC_RISCV_FREERTOS//gap_sdk/rtos/pmsis/bsp/fs/lfs/lfs.o
LOAD /module/examples/other/my_example/BUILD/GAP8_V2/GCC_RISCV_FREERTOS//gap_sdk/rtos/pmsis/bsp/fs/lfs/lfs_util.o
LOAD /module/examples/other/my_example/BUILD/GAP8_V2/GCC_RISCV_FREERTOS//gap_sdk/rtos/pmsis/bsp/fs/lfs/pi_lfs.o
LOAD /module/examples/other/my_example/BUILD/GAP8_V2/GCC_RISCV_FREERTOS//gap_sdk/rtos/pmsis/bsp/fs/read_fs/read_fs.o
LOAD /module/examples/other/my_example/BUILD/GAP8_V2/GCC_RISCV_FREERTOS//gap_sdk/rtos/pmsis/bsp/fs/host_fs/host_fs.o
LOAD /module/examples/other/my_example/BUILD/GAP8_V2/GCC_RISCV_FREERTOS//gap_sdk/rtos/pmsis/bsp/ota/ota.o
LOAD /module/examples/other/my_example/BUILD/GAP8_V2/GCC_RISCV_FREERTOS//gap_sdk/rtos/pmsis/bsp/ota/ota_utility.o
LOAD /module/examples/other/my_example/BUILD/GAP8_V2/GCC_RISCV_FREERTOS//gap_sdk/rtos/pmsis/bsp/ota/updater.o
LOAD /module/examples/other/my_example/BUILD/GAP8_V2/GCC_RISCV_FREERTOS//gap_sdk/rtos/pmsis/bsp/bootloader/bootloader_utility.o
LOAD /module/examples/other/my_example/BUILD/GAP8_V2/GCC_RISCV_FREERTOS//gap_sdk/rtos/pmsis/bsp/bsp/ai_deck.o
LOAD /module/examples/other/my_example/BUILD/GAP8_V2/GCC_RISCV_FREERTOS//gap_sdk/rtos/pmsis/bsp/camera/camera.o
LOAD /module/examples/other/my_example/BUILD/GAP8_V2/GCC_RISCV_FREERTOS//gap_sdk/rtos/pmsis/bsp/camera/himax/himax.o
LOAD /module/examples/other/my_example/BUILD/GAP8_V2/GCC_RISCV_FREERTOS//gap_sdk/rtos/pmsis/bsp/flash/hyperflash/hyperflash.o
LOAD /module/examples/other/my_example/BUILD/GAP8_V2/GCC_RISCV_FREERTOS//gap_sdk/rtos/pmsis/bsp/ram/hyperram/hyperram.o
LOAD /module/examples/other/my_example/BUILD/GAP8_V2/GCC_RISCV_FREERTOS//gap_sdk/rtos/pmsis/bsp/ram/spiram/spiram.o
LOAD /module/examples/other/my_example/BUILD/GAP8_V2/GCC_RISCV_FREERTOS//gap_sdk/rtos/pmsis/bsp/flash/spiflash/spiflash.o
LOAD /module/examples/other/my_example/BUILD/GAP8_V2/GCC_RISCV_FREERTOS//gap_sdk/rtos/pmsis/bsp/ram/ram.o
LOAD /module/examples/other/my_example/BUILD/GAP8_V2/GCC_RISCV_FREERTOS//gap_sdk/rtos/pmsis/bsp/ram/alloc_extern.o
LOAD /module/examples/other/my_example/BUILD/GAP8_V2/GCC_RISCV_FREERTOS//gap_sdk/rtos/freeRTOS/vendors/gwt/pmsis/rtos/pi_log.o
LOAD /module/examples/other/my_example/BUILD/GAP8_V2/GCC_RISCV_FREERTOS//gap_sdk/rtos/freeRTOS/vendors/gwt/pmsis/rtos/event_kernel/event_kernel.o
LOAD /module/examples/other/my_example/BUILD/GAP8_V2/GCC_RISCV_FREERTOS//gap_sdk/rtos/freeRTOS/vendors/gwt/pmsis/rtos/mem_slab/mem_slab.o
LOAD /module/examples/other/my_example/BUILD/GAP8_V2/GCC_RISCV_FREERTOS//gap_sdk/rtos/freeRTOS/vendors/gwt/pmsis/rtos/malloc/cl_l1_malloc.o
LOAD /module/examples/other/my_example/BUILD/GAP8_V2/GCC_RISCV_FREERTOS//gap_sdk/rtos/freeRTOS/vendors/gwt/pmsis/rtos/malloc/fc_l1_malloc.o
LOAD /module/examples/other/my_example/BUILD/GAP8_V2/GCC_RISCV_FREERTOS//gap_sdk/rtos/freeRTOS/vendors/gwt/pmsis/rtos/malloc/l2_malloc.o
LOAD /module/examples/other/my_example/BUILD/GAP8_V2/GCC_RISCV_FREERTOS//gap_sdk/rtos/freeRTOS/vendors/gwt/pmsis/rtos/malloc/malloc_external.o
LOAD /module/examples/other/my_example/BUILD/GAP8_V2/GCC_RISCV_FREERTOS//gap_sdk/rtos/freeRTOS/vendors/gwt/pmsis/rtos/malloc/malloc_internal.o
LOAD /module/examples/other/my_example/BUILD/GAP8_V2/GCC_RISCV_FREERTOS//gap_sdk/rtos/freeRTOS/vendors/gwt/pmsis/rtos/malloc/pi_malloc.o
LOAD /module/examples/other/my_example/BUILD/GAP8_V2/GCC_RISCV_FREERTOS//gap_sdk/rtos/freeRTOS/vendors/gwt/pmsis/rtos/os/device.o
LOAD /module/examples/other/my_example/BUILD/GAP8_V2/GCC_RISCV_FREERTOS//gap_sdk/rtos/freeRTOS/vendors/gwt/pmsis/rtos/os/pmsis_task.o
LOAD /module/examples/other/my_example/BUILD/GAP8_V2/GCC_RISCV_FREERTOS//gap_sdk/rtos/freeRTOS/vendors/gwt/pmsis/backend/pmsis_backend_native_task_api.o
LOAD /module/examples/other/my_example/BUILD/GAP8_V2/GCC_RISCV_FREERTOS//gap_sdk/rtos/freeRTOS/freertos_kernel/portable/GCC/RI5CY-GAP8/port.o
LOAD /module/examples/other/my_example/BUILD/GAP8_V2/GCC_RISCV_FREERTOS//gap_sdk/rtos/freeRTOS/vendors/gwt/libs/printf/printf.o
LOAD /module/examples/other/my_example/BUILD/GAP8_V2/GCC_RISCV_FREERTOS//gap_sdk/rtos/freeRTOS/freertos_kernel/list.o
LOAD /module/examples/other/my_example/BUILD/GAP8_V2/GCC_RISCV_FREERTOS//gap_sdk/rtos/freeRTOS/freertos_kernel/queue.o
LOAD /module/examples/other/my_example/BUILD/GAP8_V2/GCC_RISCV_FREERTOS//gap_sdk/rtos/freeRTOS/freertos_kernel/tasks.o
LOAD /module/examples/other/my_example/BUILD/GAP8_V2/GCC_RISCV_FREERTOS//gap_sdk/rtos/freeRTOS/freertos_kernel/timers.o
LOAD /module/examples/other/my_example/BUILD/GAP8_V2/GCC_RISCV_FREERTOS//gap_sdk/rtos/freeRTOS/freertos_kernel/event_groups.o
LOAD /module/examples/other/my_example/BUILD/GAP8_V2/GCC_RISCV_FREERTOS//gap_sdk/rtos/freeRTOS/freertos_kernel/stream_buffer.o
LOAD /module/examples/other/my_example/BUILD/GAP8_V2/GCC_RISCV_FREERTOS//gap_sdk/rtos/freeRTOS/demos/gwt/config/gap8/FreeRTOS_util.o
LOAD /usr/lib/gap_riscv_toolchain/bin/../lib/gcc/riscv32-unknown-elf/7.1.1/rv32imcxgap8/ilp32/libgcc.a
                0x0000000000000000                __DYNAMIC = 0x0
                0x0000000000001000                __STACK_FC_SIZE = 0x1000
                0x0000000000000400                __STACK_IRQ_SIZE = 0x400

.l1FcTiny       0x000000001b000000        0x0
                0x000000001b000000                . = ALIGN (0x4)
                0x000000001b000000                __l1FcShared_start = .
 *(.l1FcTiny)
 *(.l1FcTiny.*)
                0x000000001b000000                . = ALIGN (0x4)
                0x000000001b000000                __l1FcShared_end = .
                0x0000000000000000                __l1FcShared_size = (__l1FcShared_end - __l1FcShared_start)

.fcTcdmTiny     0x0000000000000004        0xc load address 0x000000001b000000
 *(.fcTcdmTiny)
 .fcTcdmTiny    0x0000000000000004        0xc /module/examples/other/my_example/BUILD/GAP8_V2/GCC_RISCV_FREERTOS//gap_sdk/rtos/freeRTOS/vendors/gwt/gap8/pmsis/drivers/udma/hyperbus/hyperbus_internal.o
                0x0000000000000004                __global_hyper_fifo_head
                0x0000000000000008                __global_hyper_driver_fifo
                0x000000000000000c                __global_hyper_fifo_tail
 *(.fcTcdmTiny.*)

.fcTcdm
 *(.fcTcdm)
 *(.fcTcdm.*)

.fcTcdm_g       0x000000001b00000c      0x5bc
                0x000000001b000010                . = ALIGN (0x8)
 *fill*         0x000000001b00000c        0x4 
                0x000000001b000010                __fc_tcdm_g_start = .
 *(.fcTcdm_g)
 .fcTcdm_g      0x000000001b000010      0x264 /module/examples/other/my_example/BUILD/GAP8_V2/GCC_RISCV_FREERTOS//gap_sdk/rtos/freeRTOS/vendors/gwt/gap8/pmsis/cluster/drivers/cluster_synchronisation/cl_to_fc_delegate.o
                0x000000001b000010                delegate_task_mask
                0x000000001b000014                delegate_task
 .fcTcdm_g      0x000000001b000274       0xe4 /module/examples/other/my_example/BUILD/GAP8_V2/GCC_RISCV_FREERTOS//gap_sdk/rtos/freeRTOS/vendors/gwt/gap8/pmsis/drivers/fc_event/fc_event.o
 .fcTcdm_g      0x000000001b000358        0x4 /module/examples/other/my_example/BUILD/GAP8_V2/GCC_RISCV_FREERTOS//gap_sdk/rtos/freeRTOS/vendors/gwt/pmsis/rtos/event_kernel/event_kernel.o
                0x000000001b000358                default_sched
 .fcTcdm_g      0x000000001b00035c       0x10 /module/examples/other/my_example/BUILD/GAP8_V2/GCC_RISCV_FREERTOS//gap_sdk/rtos/freeRTOS/vendors/gwt/pmsis/backend/pmsis_backend_native_task_api.o
                0x000000001b00035c                delayed_task
                0x000000001b000364                timer_task
 .fcTcdm_g      0x000000001b00036c      0x258 /module/examples/other/my_example/BUILD/GAP8_V2/GCC_RISCV_FREERTOS//gap_sdk/rtos/freeRTOS/demos/gwt/config/gap8/FreeRTOS_util.o
 *(.fcTcdm_g.*)
                0x000000001b0005c8                . = ALIGN (0x8)
 *fill*         0x000000001b0005c4        0x4 
                0x000000001b0005c8                __fc_tcdm_g_end = .

.stack_irq      0x000000001b0005c8      0x400
                0x000000001b0005c8                . = ALIGN (0x4)
                0x000000001b0005c8                __stack_irq_end__ = .
                0x000000001b0009c8                . = (. + __STACK_IRQ_SIZE)
 *fill*         0x000000001b0005c8      0x400 
                0x000000001b0009c8                __stack_irq_start__ = .

.heapfcram      0x000000001b0009c8     0x1000
                0x000000001b0009c8                . = ALIGN (0x8)
 *(.heapfcram)
 *(.heapfcram.*)
                0x000000001b0009c8                . = ALIGN (0x8)
                0x000000001b0009c8                __heapfcram_start = .
                0x000000001b0009c8                __stack_fc_end__ = .
                0x000000001b0019c8                . = (. + __STACK_FC_SIZE)
 *fill*         0x000000001b0009c8     0x1000 
                0x000000001b0019c8                __stack_fc_start__ = .
                0x0000000000003638                __heapfcram_size = ((ORIGIN (FC_tcdm) + LENGTH (FC_tcdm)) - __heapfcram_start)

.vectors_irq    0x000000001c000000       0x94
                0x000000001c000000                . = ALIGN (0x100)
                0x000000001c000000                __irq_vector_base_m__ = .
 *(.vectors_irq)
 .vectors_irq   0x000000001c000000       0x94 /module/examples/other/my_example/BUILD/GAP8_V2/GCC_RISCV_FREERTOS//gap_sdk/rtos/freeRTOS/vendors/gwt/gap8/src/device/startup_gap8.o
                0x000000001c000090                __rt_debug_struct_ptr

.text           0x000000001c000094     0xa548
                0x000000001c000094                . = ALIGN (0x4)
                0x000000001c000094                _stext = .
 *(.text.reset)
 .text.reset    0x000000001c000094       0x7e /module/examples/other/my_example/BUILD/GAP8_V2/GCC_RISCV_FREERTOS//gap_sdk/rtos/freeRTOS/vendors/gwt/gap8/src/device/startup_gap8.o
                0x000000001c000094                reset_handler
 *(.text)
 .text          0x000000001c000112      0x2c8 /module/examples/other/my_example/BUILD/GAP8_V2/GCC_RISCV_FREERTOS//gap_sdk/rtos/freeRTOS/vendors/gwt/gap8/src/device/gap8_iet.o
                0x000000001c000112                default_handler
                0x000000001c000116                cluster_notify_fc_handler
                0x000000001c00014e                pendSV_handler
                0x000000001c0001be                systick_handler
                0x000000001c00023a                hi_res_timer_handler
                0x000000001c000272                fc_event_handler
                0x000000001c0002aa                fc_hyper_handler
                0x000000001c000358                dma_irq_handler
                0x000000001c000380                ecall_handler
                0x000000001c0003d2                ill_ins_handler
 .text          0x000000001c0003da      0x126 /module/examples/other/my_example/BUILD/GAP8_V2/GCC_RISCV_FREERTOS//gap_sdk/rtos/freeRTOS/vendors/gwt/gap8/pmsis/cluster/drivers/cluster_synchronisation/cluster_core.o
                0x000000001c0003da                cluster_exec_loop
                0x000000001c0004f2                cl_slave_stack_setup
 .text          0x000000001c000500       0xd8 /module/examples/other/my_example/BUILD/GAP8_V2/GCC_RISCV_FREERTOS//gap_sdk/rtos/freeRTOS/vendors/gwt/gap8/pmsis/util/asm_util.o
                0x000000001c000500                ASM_FUNC_SAVE_MINIMAL_CONTEXT
                0x000000001c000544                ASM_FUNC_RESTORE_MINIMAL_CONTEXT
                0x000000001c000588                ASM_FUNC_SAVE_SAVE_CONTEXT
                0x000000001c0005a2                ASM_FUNC_RESTORE_SAVE_CONTEXT
                0x000000001c0005bc                ASM_FUNC_SAVE_CSR_CONTEXT
                0x000000001c0005ca                ASM_FUNC_RESTORE_CSR_CONTEXT
 .text          0x000000001c0005d8       0x8e /module/examples/other/my_example/BUILD/GAP8_V2/GCC_RISCV_FREERTOS//gap_sdk/rtos/freeRTOS/freertos_kernel/portable/GCC/RI5CY-GAP8/port_asm.o
                0x000000001c0005d8                xPortStartScheduler
 .text          0x000000001c000666       0x4e /module/examples/other/my_example/BUILD/GAP8_V2/GCC_RISCV_FREERTOS//gap_sdk/rtos/freeRTOS/vendors/gwt/gap8/pmsis/drivers/fc_event/fc_event.o
                0x000000001c000666                fc_soc_event_handler
 .text          0x000000001c0006b4      0x168 /module/examples/other/my_example/BUILD/GAP8_V2/GCC_RISCV_FREERTOS//gap_sdk/rtos/freeRTOS/vendors/gwt/gap8/pmsis/drivers/udma/hyperbus/hyperbus_internal.o
                0x000000001c0006b4                hyper_handler
 .text          0x000000001c00081c      0x5fe /usr/lib/gap_riscv_toolchain/bin/../lib/gcc/riscv32-unknown-elf/7.1.1/rv32imcxgap8/ilp32/libgcc.a(adddf3.o)
                0x000000001c00081c                __adddf3
 .text          0x000000001c000e1a      0x4d2 /usr/lib/gap_riscv_toolchain/bin/../lib/gcc/riscv32-unknown-elf/7.1.1/rv32imcxgap8/ilp32/libgcc.a(divdf3.o)
                0x000000001c000e1a                __divdf3
 .text          0x000000001c0012ec       0x60 /usr/lib/gap_riscv_toolchain/bin/../lib/gcc/riscv32-unknown-elf/7.1.1/rv32imcxgap8/ilp32/libgcc.a(eqdf2.o)
                0x000000001c0012ec                __eqdf2
                0x000000001c0012ec                __nedf2
 .text          0x000000001c00134c       0xae /usr/lib/gap_riscv_toolchain/bin/../lib/gcc/riscv32-unknown-elf/7.1.1/rv32imcxgap8/ilp32/libgcc.a(gedf2.o)
                0x000000001c00134c                __gtdf2
                0x000000001c00134c                __gedf2
 .text          0x000000001c0013fa       0xae /usr/lib/gap_riscv_toolchain/bin/../lib/gcc/riscv32-unknown-elf/7.1.1/rv32imcxgap8/ilp32/libgcc.a(ledf2.o)
                0x000000001c0013fa                __ltdf2
                0x000000001c0013fa                __ledf2
 .text          0x000000001c0014a8      0x43a /usr/lib/gap_riscv_toolchain/bin/../lib/gcc/riscv32-unknown-elf/7.1.1/rv32imcxgap8/ilp32/libgcc.a(muldf3.o)
                0x000000001c0014a8                __muldf3
 .text          0x000000001c0018e2      0x612 /usr/lib/gap_riscv_toolchain/bin/../lib/gcc/riscv32-unknown-elf/7.1.1/rv32imcxgap8/ilp32/libgcc.a(subdf3.o)
                0x000000001c0018e2                __subdf3
 .text          0x000000001c001ef4       0x5c /usr/lib/gap_riscv_toolchain/bin/../lib/gcc/riscv32-unknown-elf/7.1.1/rv32imcxgap8/ilp32/libgcc.a(fixdfsi.o)
                0x000000001c001ef4                __fixdfsi
 .text          0x000000001c001f50       0x52 /usr/lib/gap_riscv_toolchain/bin/../lib/gcc/riscv32-unknown-elf/7.1.1/rv32imcxgap8/ilp32/libgcc.a(fixunsdfsi.o)
                0x000000001c001f50                __fixunsdfsi
 .text          0x000000001c001fa2       0x58 /usr/lib/gap_riscv_toolchain/bin/../lib/gcc/riscv32-unknown-elf/7.1.1/rv32imcxgap8/ilp32/libgcc.a(floatsidf.o)
                0x000000001c001fa2                __floatsidf
 .text          0x000000001c001ffa       0x4c /usr/lib/gap_riscv_toolchain/bin/../lib/gcc/riscv32-unknown-elf/7.1.1/rv32imcxgap8/ilp32/libgcc.a(floatunsidf.o)
                0x000000001c001ffa                __floatunsidf
 *(.text.*)
 .text.rx_task  0x000000001c002046       0x88 /module/examples/other/my_example/BUILD/GAP8_V2/GCC_RISCV_FREERTOS/hello_world_gap8.o
                0x000000001c002046                rx_task
 .text.comm_task
                0x000000001c0020ce       0xb6 /module/examples/other/my_example/BUILD/GAP8_V2/GCC_RISCV_FREERTOS/hello_world_gap8.o
                0x000000001c0020ce                comm_task
 .text.start_example
                0x000000001c002184       0xd4 /module/examples/other/my_example/BUILD/GAP8_V2/GCC_RISCV_FREERTOS/hello_world_gap8.o
                0x000000001c002184                start_example
 .text.startup.main
                0x000000001c002258       0x32 /module/examples/other/my_example/BUILD/GAP8_V2/GCC_RISCV_FREERTOS/hello_world_gap8.o
                0x000000001c002258                main
 .text.vDataReadyISR
                0x000000001c00228a       0x2a /module/examples/other/my_example/BUILD/GAP8_V2/GCC_RISCV_FREERTOS/../../../lib/cpx/src/com.o
                0x000000001c00228a                vDataReadyISR
 .text.com_task
                0x000000001c0022b4      0x180 /module/examples/other/my_example/BUILD/GAP8_V2/GCC_RISCV_FREERTOS/../../../lib/cpx/src/com.o
                0x000000001c0022b4                com_task
 .text.com_init
                0x000000001c002434      0x17c /module/examples/other/my_example/BUILD/GAP8_V2/GCC_RISCV_FREERTOS/../../../lib/cpx/src/com.o
                0x000000001c002434                com_init
 .text.com_read
                0x000000001c0025b0       0x10 /module/examples/other/my_example/BUILD/GAP8_V2/GCC_RISCV_FREERTOS/../../../lib/cpx/src/com.o
                0x000000001c0025b0                com_read
 .text.com_write
                0x000000001c0025c0       0x32 /module/examples/other/my_example/BUILD/GAP8_V2/GCC_RISCV_FREERTOS/../../../lib/cpx/src/com.o
                0x000000001c0025c0                com_write
 .text.cpx_rx_task
                0x000000001c0025f2       0xb4 /module/examples/other/my_example/BUILD/GAP8_V2/GCC_RISCV_FREERTOS/../../../lib/cpx/src/cpx.o
 .text.cpxEnableFunction
                0x000000001c0026a6       0x2a /module/examples/other/my_example/BUILD/GAP8_V2/GCC_RISCV_FREERTOS/../../../lib/cpx/src/cpx.o
                0x000000001c0026a6                cpxEnableFunction
 .text.cpxReceivePacketBlocking
                0x000000001c0026d0       0x14 /module/examples/other/my_example/BUILD/GAP8_V2/GCC_RISCV_FREERTOS/../../../lib/cpx/src/cpx.o
                0x000000001c0026d0                cpxReceivePacketBlocking
 .text.cpxSendPacketBlocking
                0x000000001c0026e4       0x68 /module/examples/other/my_example/BUILD/GAP8_V2/GCC_RISCV_FREERTOS/../../../lib/cpx/src/cpx.o
                0x000000001c0026e4                cpxSendPacketBlocking
 .text.cpxPrintToConsole
                0x000000001c00274c       0xe8 /module/examples/other/my_example/BUILD/GAP8_V2/GCC_RISCV_FREERTOS/../../../lib/cpx/src/cpx.o
                0x000000001c00274c                cpxPrintToConsole
 .text.cpxInitRoute
                0x000000001c002834       0x12 /module/examples/other/my_example/BUILD/GAP8_V2/GCC_RISCV_FREERTOS/../../../lib/cpx/src/cpx.o
                0x000000001c002834                cpxInitRoute
 .text.cpxInit  0x000000001c002846       0x64 /module/examples/other/my_example/BUILD/GAP8_V2/GCC_RISCV_FREERTOS/../../../lib/cpx/src/cpx.o
                0x000000001c002846                cpxInit
 .text._procid  0x000000001c0028aa        0xa /module/examples/other/my_example/BUILD/GAP8_V2/GCC_RISCV_FREERTOS//gap_sdk/rtos/freeRTOS/vendors/gwt/gap8/src/device/gap8_it.o
                0x000000001c0028aa                _procid
 .text._clusterid
                0x000000001c0028b4        0x8 /module/examples/other/my_example/BUILD/GAP8_V2/GCC_RISCV_FREERTOS//gap_sdk/rtos/freeRTOS/vendors/gwt/gap8/src/device/gap8_it.o
                0x000000001c0028b4                _clusterid
 .text._isr_default
                0x000000001c0028bc        0xe /module/examples/other/my_example/BUILD/GAP8_V2/GCC_RISCV_FREERTOS//gap_sdk/rtos/freeRTOS/vendors/gwt/gap8/src/device/gap8_it.o
                0x000000001c0028bc                _isr_default
 .text.vSetPendSV
                0x000000001c0028ca        0xa /module/examples/other/my_example/BUILD/GAP8_V2/GCC_RISCV_FREERTOS//gap_sdk/rtos/freeRTOS/vendors/gwt/gap8/src/device/gap8_it.o
                0x000000001c0028ca                vSetPendSV
 .text._ill_insn_print
                0x000000001c0028d4        0xa /module/examples/other/my_example/BUILD/GAP8_V2/GCC_RISCV_FREERTOS//gap_sdk/rtos/freeRTOS/vendors/gwt/gap8/src/device/gap8_it.o
                0x000000001c0028d4                _ill_insn_print
 .text.system_init
                0x000000001c0028de       0x5c /module/examples/other/my_example/BUILD/GAP8_V2/GCC_RISCV_FREERTOS//gap_sdk/rtos/freeRTOS/vendors/gwt/gap8/src/device/system_gap8.o
                0x000000001c0028de                system_init
 .text.system_setup_systick
                0x000000001c00293a       0x38 /module/examples/other/my_example/BUILD/GAP8_V2/GCC_RISCV_FREERTOS//gap_sdk/rtos/freeRTOS/vendors/gwt/gap8/src/device/system_gap8.o
                0x000000001c00293a                system_setup_systick
 .text.system_core_clock_update
                0x000000001c002972       0x54 /module/examples/other/my_example/BUILD/GAP8_V2/GCC_RISCV_FREERTOS//gap_sdk/rtos/freeRTOS/vendors/gwt/gap8/src/device/system_gap8.o
                0x000000001c002972                system_core_clock_update
 .text.system_core_clock_get
                0x000000001c0029c6        0xa /module/examples/other/my_example/BUILD/GAP8_V2/GCC_RISCV_FREERTOS//gap_sdk/rtos/freeRTOS/vendors/gwt/gap8/src/device/system_gap8.o
                0x000000001c0029c6                system_core_clock_get
 .text.system_exit
                0x000000001c0029d0       0x6e /module/examples/other/my_example/BUILD/GAP8_V2/GCC_RISCV_FREERTOS//gap_sdk/rtos/freeRTOS/vendors/gwt/gap8/src/device/system_gap8.o
                0x000000001c0029d0                system_exit
 .text.__uart_putc_cluster_req
                0x000000001c002a3e       0x48 /module/examples/other/my_example/BUILD/GAP8_V2/GCC_RISCV_FREERTOS//gap_sdk/rtos/freeRTOS/vendors/gwt/gap8/src/driver/gap_io.o
 .text.printf_uart_init
                0x000000001c002a86       0x5e /module/examples/other/my_example/BUILD/GAP8_V2/GCC_RISCV_FREERTOS//gap_sdk/rtos/freeRTOS/vendors/gwt/gap8/src/driver/gap_io.o
                0x000000001c002a86                printf_uart_init
 .text._putchar
                0x000000001c002ae4      0x126 /module/examples/other/my_example/BUILD/GAP8_V2/GCC_RISCV_FREERTOS//gap_sdk/rtos/freeRTOS/vendors/gwt/gap8/src/driver/gap_io.o
                0x000000001c002ae4                _putchar
 .text.system_exit_printf_flush
                0x000000001c002c0a       0x96 /module/examples/other/my_example/BUILD/GAP8_V2/GCC_RISCV_FREERTOS//gap_sdk/rtos/freeRTOS/vendors/gwt/gap8/src/driver/gap_io.o
                0x000000001c002c0a                system_exit_printf_flush
 .text.memcpy   0x000000001c002ca0      0x10a /module/examples/other/my_example/BUILD/GAP8_V2/GCC_RISCV_FREERTOS//gap_sdk/rtos/freeRTOS/vendors/gwt/libs/src/string.o
                0x000000001c002ca0                memcpy
 .text.memset   0x000000001c002daa       0xb6 /module/examples/other/my_example/BUILD/GAP8_V2/GCC_RISCV_FREERTOS//gap_sdk/rtos/freeRTOS/vendors/gwt/libs/src/string.o
                0x000000001c002daa                memset
 .text.exit     0x000000001c002e60        0x8 /module/examples/other/my_example/BUILD/GAP8_V2/GCC_RISCV_FREERTOS//gap_sdk/rtos/freeRTOS/vendors/gwt/libs/src/stdlib.o
                0x000000001c002e60                exit
 .text.cl_notify_fc_event_handler
                0x000000001c002e68       0x9c /module/examples/other/my_example/BUILD/GAP8_V2/GCC_RISCV_FREERTOS//gap_sdk/rtos/freeRTOS/vendors/gwt/gap8/pmsis/cluster/drivers/cluster_synchronisation/cl_to_fc_delegate.o
                0x000000001c002e68                cl_notify_fc_event_handler
 .text.pi_cl_send_task_to_fc
                0x000000001c002f04       0x42 /module/examples/other/my_example/BUILD/GAP8_V2/GCC_RISCV_FREERTOS//gap_sdk/rtos/freeRTOS/vendors/gwt/gap8/pmsis/cluster/drivers/cluster_synchronisation/cl_to_fc_delegate.o
                0x000000001c002f04                pi_cl_send_task_to_fc
 .text.cl_task_finish
                0x000000001c002f46       0x78 /module/examples/other/my_example/BUILD/GAP8_V2/GCC_RISCV_FREERTOS//gap_sdk/rtos/freeRTOS/vendors/gwt/gap8/pmsis/cluster/drivers/cluster_synchronisation/fc_to_cl_delegate.o
                0x000000001c002f46                cl_task_finish
 .text.pi_cl_dma_2d_handler
                0x000000001c002fbe       0x94 /module/examples/other/my_example/BUILD/GAP8_V2/GCC_RISCV_FREERTOS//gap_sdk/rtos/freeRTOS/vendors/gwt/gap8/pmsis/cluster/drivers/dma/cl_dma_irq.o
                0x000000001c002fbe                pi_cl_dma_2d_handler
 .text.fc_event_null_event
                0x000000001c003052        0x2 /module/examples/other/my_example/BUILD/GAP8_V2/GCC_RISCV_FREERTOS//gap_sdk/rtos/freeRTOS/vendors/gwt/gap8/pmsis/drivers/fc_event/fc_event.o
 .text.pi_fc_event_handler_init
                0x000000001c003054       0x30 /module/examples/other/my_example/BUILD/GAP8_V2/GCC_RISCV_FREERTOS//gap_sdk/rtos/freeRTOS/vendors/gwt/gap8/pmsis/drivers/fc_event/fc_event.o
                0x000000001c003054                pi_fc_event_handler_init
 .text.pi_fc_event_handler_set
                0x000000001c003084       0x10 /module/examples/other/my_example/BUILD/GAP8_V2/GCC_RISCV_FREERTOS//gap_sdk/rtos/freeRTOS/vendors/gwt/gap8/pmsis/drivers/fc_event/fc_event.o
                0x000000001c003084                pi_fc_event_handler_set
 .text.pi_fc_event_handler_clear
                0x000000001c003094       0x18 /module/examples/other/my_example/BUILD/GAP8_V2/GCC_RISCV_FREERTOS//gap_sdk/rtos/freeRTOS/vendors/gwt/gap8/pmsis/drivers/fc_event/fc_event.o
                0x000000001c003094                pi_fc_event_handler_clear
 .text.pi_fll_init
                0x000000001c0030ac       0xd2 /module/examples/other/my_example/BUILD/GAP8_V2/GCC_RISCV_FREERTOS//gap_sdk/rtos/freeRTOS/vendors/gwt/gap8/pmsis/drivers/fll/fll.o
                0x000000001c0030ac                pi_fll_init
 .text.pi_fll_frequency_set
                0x000000001c00317e       0xb0 /module/examples/other/my_example/BUILD/GAP8_V2/GCC_RISCV_FREERTOS//gap_sdk/rtos/freeRTOS/vendors/gwt/gap8/pmsis/drivers/fll/fll.o
                0x000000001c00317e                pi_fll_frequency_set
 .text.pi_fll_frequency_get
                0x000000001c00322e       0x46 /module/examples/other/my_example/BUILD/GAP8_V2/GCC_RISCV_FREERTOS//gap_sdk/rtos/freeRTOS/vendors/gwt/gap8/pmsis/drivers/fll/fll.o
                0x000000001c00322e                pi_fll_frequency_get
 .text.pi_freq_callback_add
                0x000000001c003274       0x28 /module/examples/other/my_example/BUILD/GAP8_V2/GCC_RISCV_FREERTOS//gap_sdk/rtos/freeRTOS/vendors/gwt/gap8/pmsis/drivers/fll/fll.o
                0x000000001c003274                pi_freq_callback_add
 .text.pi_freq_callback_remove
                0x000000001c00329c       0x46 /module/examples/other/my_example/BUILD/GAP8_V2/GCC_RISCV_FREERTOS//gap_sdk/rtos/freeRTOS/vendors/gwt/gap8/pmsis/drivers/fll/fll.o
                0x000000001c00329c                pi_freq_callback_remove
 .text.gpio_handler
                0x000000001c0032e2       0xa0 /module/examples/other/my_example/BUILD/GAP8_V2/GCC_RISCV_FREERTOS//gap_sdk/rtos/freeRTOS/vendors/gwt/gap8/pmsis/drivers/gpio/gpio.o
 .text.pi_gpio_conf_init
                0x000000001c003382        0xa /module/examples/other/my_example/BUILD/GAP8_V2/GCC_RISCV_FREERTOS//gap_sdk/rtos/freeRTOS/vendors/gwt/gap8/pmsis/drivers/gpio/gpio.o
                0x000000001c003382                pi_gpio_conf_init
 .text.pi_gpio_open
                0x000000001c00338c       0xae /module/examples/other/my_example/BUILD/GAP8_V2/GCC_RISCV_FREERTOS//gap_sdk/rtos/freeRTOS/vendors/gwt/gap8/pmsis/drivers/gpio/gpio.o
                0x000000001c00338c                pi_gpio_open
 .text.pi_gpio_pin_configure
                0x000000001c00343a       0xde /module/examples/other/my_example/BUILD/GAP8_V2/GCC_RISCV_FREERTOS//gap_sdk/rtos/freeRTOS/vendors/gwt/gap8/pmsis/drivers/gpio/gpio.o
                0x000000001c00343a                pi_gpio_pin_configure
 .text.pi_gpio_pin_write
                0x000000001c003518       0x36 /module/examples/other/my_example/BUILD/GAP8_V2/GCC_RISCV_FREERTOS//gap_sdk/rtos/freeRTOS/vendors/gwt/gap8/pmsis/drivers/gpio/gpio.o
                0x000000001c003518                pi_gpio_pin_write
 .text.pi_gpio_pin_read
                0x000000001c00354e       0x4a /module/examples/other/my_example/BUILD/GAP8_V2/GCC_RISCV_FREERTOS//gap_sdk/rtos/freeRTOS/vendors/gwt/gap8/pmsis/drivers/gpio/gpio.o
                0x000000001c00354e                pi_gpio_pin_read
 .text.pi_gpio_pin_notif_configure
                0x000000001c003598       0x72 /module/examples/other/my_example/BUILD/GAP8_V2/GCC_RISCV_FREERTOS//gap_sdk/rtos/freeRTOS/vendors/gwt/gap8/pmsis/drivers/gpio/gpio.o
                0x000000001c003598                pi_gpio_pin_notif_configure
 .text.pi_gpio_callback_add
                0x000000001c00360a       0x22 /module/examples/other/my_example/BUILD/GAP8_V2/GCC_RISCV_FREERTOS//gap_sdk/rtos/freeRTOS/vendors/gwt/gap8/pmsis/drivers/gpio/gpio.o
                0x000000001c00360a                pi_gpio_callback_add
 .text.pi_pad_set_function
                0x000000001c00362c       0x38 /module/examples/other/my_example/BUILD/GAP8_V2/GCC_RISCV_FREERTOS//gap_sdk/rtos/freeRTOS/vendors/gwt/gap8/pmsis/drivers/pad/pad.o
                0x000000001c00362c                pi_pad_set_function
 .text.pi_pad_init
                0x000000001c003664       0x26 /module/examples/other/my_example/BUILD/GAP8_V2/GCC_RISCV_FREERTOS//gap_sdk/rtos/freeRTOS/vendors/gwt/gap8/pmsis/drivers/pad/pad.o
                0x000000001c003664                pi_pad_init
 .text.__pi_pmu_handler
                0x000000001c00368a       0x1e /module/examples/other/my_example/BUILD/GAP8_V2/GCC_RISCV_FREERTOS//gap_sdk/rtos/freeRTOS/vendors/gwt/gap8/pmsis/drivers/pmu/pmu_internal.o
 .text.__pi_pmu_init
                0x000000001c0036a8       0xfa /module/examples/other/my_example/BUILD/GAP8_V2/GCC_RISCV_FREERTOS//gap_sdk/rtos/freeRTOS/vendors/gwt/gap8/pmsis/drivers/pmu/pmu_internal.o
                0x000000001c0036a8                __pi_pmu_init
 .text.__pi_pmu_voltage_set
                0x000000001c0037a2      0x140 /module/examples/other/my_example/BUILD/GAP8_V2/GCC_RISCV_FREERTOS//gap_sdk/rtos/freeRTOS/vendors/gwt/gap8/pmsis/drivers/pmu/pmu_internal.o
                0x000000001c0037a2                __pi_pmu_voltage_set
 .text.pi_timer_init
                0x000000001c0038e2       0x34 /module/examples/other/my_example/BUILD/GAP8_V2/GCC_RISCV_FREERTOS//gap_sdk/rtos/freeRTOS/vendors/gwt/gap8/pmsis/drivers/timer/timer.o
                0x000000001c0038e2                pi_timer_init
 .text.pi_timer_stop
                0x000000001c003916       0x28 /module/examples/other/my_example/BUILD/GAP8_V2/GCC_RISCV_FREERTOS//gap_sdk/rtos/freeRTOS/vendors/gwt/gap8/pmsis/drivers/timer/timer.o
                0x000000001c003916                pi_timer_stop
 .text.__pi_hyper_copy_aligned.isra.6
                0x000000001c00393e       0x48 /module/examples/other/my_example/BUILD/GAP8_V2/GCC_RISCV_FREERTOS//gap_sdk/rtos/freeRTOS/vendors/gwt/gap8/pmsis/drivers/udma/hyperbus/hyperbus_internal.o
 .text.__pi_hyper_copy_misaligned
                0x000000001c003986      0x2ee /module/examples/other/my_example/BUILD/GAP8_V2/GCC_RISCV_FREERTOS//gap_sdk/rtos/freeRTOS/vendors/gwt/gap8/pmsis/drivers/udma/hyperbus/hyperbus_internal.o
 .text.pi_spi_open
                0x000000001c003c74       0x1c /module/examples/other/my_example/BUILD/GAP8_V2/GCC_RISCV_FREERTOS//gap_sdk/rtos/freeRTOS/vendors/gwt/gap8/pmsis/drivers/udma/spi/spi.o
                0x000000001c003c74                pi_spi_open
 .text.pi_spi_transfer
                0x000000001c003c90       0x48 /module/examples/other/my_example/BUILD/GAP8_V2/GCC_RISCV_FREERTOS//gap_sdk/rtos/freeRTOS/vendors/gwt/gap8/pmsis/drivers/udma/spi/spi.o
                0x000000001c003c90                pi_spi_transfer
 .text.__pi_spi_freq_cb
                0x000000001c003cd8       0x84 /module/examples/other/my_example/BUILD/GAP8_V2/GCC_RISCV_FREERTOS//gap_sdk/rtos/freeRTOS/vendors/gwt/gap8/pmsis/drivers/udma/spi/spi_internal.o
                0x000000001c003cd8                __pi_spi_freq_cb
 .text.pi_spi_conf_init
                0x000000001c003d5c       0x26 /module/examples/other/my_example/BUILD/GAP8_V2/GCC_RISCV_FREERTOS//gap_sdk/rtos/freeRTOS/vendors/gwt/gap8/pmsis/drivers/udma/spi/spi_internal.o
                0x000000001c003d5c                pi_spi_conf_init
 .text.__pi_spi_open
                0x000000001c003d82      0x300 /module/examples/other/my_example/BUILD/GAP8_V2/GCC_RISCV_FREERTOS//gap_sdk/rtos/freeRTOS/vendors/gwt/gap8/pmsis/drivers/udma/spi/spi_internal.o
                0x000000001c003d82                __pi_spi_open
 .text.__pi_spi_receive_async
                0x000000001c004082      0x110 /module/examples/other/my_example/BUILD/GAP8_V2/GCC_RISCV_FREERTOS//gap_sdk/rtos/freeRTOS/vendors/gwt/gap8/pmsis/drivers/udma/spi/spi_internal.o
                0x000000001c004082                __pi_spi_receive_async
 .text.__pi_spi_send_async
                0x000000001c004192      0x146 /module/examples/other/my_example/BUILD/GAP8_V2/GCC_RISCV_FREERTOS//gap_sdk/rtos/freeRTOS/vendors/gwt/gap8/pmsis/drivers/udma/spi/spi_internal.o
                0x000000001c004192                __pi_spi_send_async
 .text.__pi_spi_xfer_async
                0x000000001c0042d8      0x138 /module/examples/other/my_example/BUILD/GAP8_V2/GCC_RISCV_FREERTOS//gap_sdk/rtos/freeRTOS/vendors/gwt/gap8/pmsis/drivers/udma/spi/spi_internal.o
                0x000000001c0042d8                __pi_spi_xfer_async
 .text.__pi_spi_copy_async
                0x000000001c004410      0x792 /module/examples/other/my_example/BUILD/GAP8_V2/GCC_RISCV_FREERTOS//gap_sdk/rtos/freeRTOS/vendors/gwt/gap8/pmsis/drivers/udma/spi/spi_internal.o
                0x000000001c004410                __pi_spi_copy_async
 .text.__pi_spi_copy_async_2d
                0x000000001c004ba2      0x700 /module/examples/other/my_example/BUILD/GAP8_V2/GCC_RISCV_FREERTOS//gap_sdk/rtos/freeRTOS/vendors/gwt/gap8/pmsis/drivers/udma/spi/spi_internal.o
                0x000000001c004ba2                __pi_spi_copy_async_2d
 .text.spim_eot_handler
                0x000000001c0052a2      0x872 /module/examples/other/my_example/BUILD/GAP8_V2/GCC_RISCV_FREERTOS//gap_sdk/rtos/freeRTOS/vendors/gwt/gap8/pmsis/drivers/udma/spi/spi_internal.o
                0x000000001c0052a2                spim_eot_handler
 .text.spim_tx_handler
                0x000000001c005b14       0x3e /module/examples/other/my_example/BUILD/GAP8_V2/GCC_RISCV_FREERTOS//gap_sdk/rtos/freeRTOS/vendors/gwt/gap8/pmsis/drivers/udma/spi/spi_internal.o
                0x000000001c005b14                spim_tx_handler
 .text.spim_rx_handler
                0x000000001c005b52       0x3a /module/examples/other/my_example/BUILD/GAP8_V2/GCC_RISCV_FREERTOS//gap_sdk/rtos/freeRTOS/vendors/gwt/gap8/pmsis/drivers/udma/spi/spi_internal.o
                0x000000001c005b52                spim_rx_handler
 .text.pi_uart_conf_init
                0x000000001c005b8c        0x2 /module/examples/other/my_example/BUILD/GAP8_V2/GCC_RISCV_FREERTOS//gap_sdk/rtos/freeRTOS/vendors/gwt/gap8/pmsis/drivers/udma/uart/uart.o
                0x000000001c005b8c                pi_uart_conf_init
 .text.pi_uart_open
                0x000000001c005b8e        0x6 /module/examples/other/my_example/BUILD/GAP8_V2/GCC_RISCV_FREERTOS//gap_sdk/rtos/freeRTOS/vendors/gwt/gap8/pmsis/drivers/udma/uart/uart.o
                0x000000001c005b8e                pi_uart_open
 .text.pi_uart_close
                0x000000001c005b94       0x1e /module/examples/other/my_example/BUILD/GAP8_V2/GCC_RISCV_FREERTOS//gap_sdk/rtos/freeRTOS/vendors/gwt/gap8/pmsis/drivers/udma/uart/uart.o
                0x000000001c005b94                pi_uart_close
 .text.pi_uart_write
                0x000000001c005bb2       0x4c /module/examples/other/my_example/BUILD/GAP8_V2/GCC_RISCV_FREERTOS//gap_sdk/rtos/freeRTOS/vendors/gwt/gap8/pmsis/drivers/udma/uart/uart.o
                0x000000001c005bb2                pi_uart_write
 .text.__pi_uart_freq_cb
                0x000000001c005bfe       0xa6 /module/examples/other/my_example/BUILD/GAP8_V2/GCC_RISCV_FREERTOS//gap_sdk/rtos/freeRTOS/vendors/gwt/gap8/pmsis/drivers/udma/uart/uart_internal.o
 .text.__pi_uart_handler
                0x000000001c005ca4       0xca /module/examples/other/my_example/BUILD/GAP8_V2/GCC_RISCV_FREERTOS//gap_sdk/rtos/freeRTOS/vendors/gwt/gap8/pmsis/drivers/udma/uart/uart_internal.o
 .text.__pi_uart_conf_init
                0x000000001c005d6e       0x18 /module/examples/other/my_example/BUILD/GAP8_V2/GCC_RISCV_FREERTOS//gap_sdk/rtos/freeRTOS/vendors/gwt/gap8/pmsis/drivers/udma/uart/uart_internal.o
                0x000000001c005d6e                __pi_uart_conf_init
 .text.__pi_uart_open
                0x000000001c005d86      0x1ee /module/examples/other/my_example/BUILD/GAP8_V2/GCC_RISCV_FREERTOS//gap_sdk/rtos/freeRTOS/vendors/gwt/gap8/pmsis/drivers/udma/uart/uart_internal.o
                0x000000001c005d86                __pi_uart_open
 .text.__pi_uart_close
                0x000000001c005f74      0x142 /module/examples/other/my_example/BUILD/GAP8_V2/GCC_RISCV_FREERTOS//gap_sdk/rtos/freeRTOS/vendors/gwt/gap8/pmsis/drivers/udma/uart/uart_internal.o
                0x000000001c005f74                __pi_uart_close
 .text.__pi_uart_copy
                0x000000001c0060b6       0xb0 /module/examples/other/my_example/BUILD/GAP8_V2/GCC_RISCV_FREERTOS//gap_sdk/rtos/freeRTOS/vendors/gwt/gap8/pmsis/drivers/udma/uart/uart_internal.o
                0x000000001c0060b6                __pi_uart_copy
 .text.pi_bsp_init
                0x000000001c006166       0x3c /module/examples/other/my_example/BUILD/GAP8_V2/GCC_RISCV_FREERTOS//gap_sdk/rtos/pmsis/bsp/bsp/ai_deck.o
                0x000000001c006166                pi_bsp_init
 .text.pmsis_event_push
                0x000000001c0061a2       0x4e /module/examples/other/my_example/BUILD/GAP8_V2/GCC_RISCV_FREERTOS//gap_sdk/rtos/freeRTOS/vendors/gwt/pmsis/rtos/event_kernel/event_kernel.o
                0x000000001c0061a2                pmsis_event_push
 .text.pmsis_event_kernel_init
                0x000000001c0061f0       0x78 /module/examples/other/my_example/BUILD/GAP8_V2/GCC_RISCV_FREERTOS//gap_sdk/rtos/freeRTOS/vendors/gwt/pmsis/rtos/event_kernel/event_kernel.o
                0x000000001c0061f0                pmsis_event_kernel_init
 .text.pmsis_event_kernel_main
                0x000000001c006268       0xa2 /module/examples/other/my_example/BUILD/GAP8_V2/GCC_RISCV_FREERTOS//gap_sdk/rtos/freeRTOS/vendors/gwt/pmsis/rtos/event_kernel/event_kernel.o
                0x000000001c006268                pmsis_event_kernel_main
 .text.pmsis_event_get_default_scheduler
                0x000000001c00630a        0xa /module/examples/other/my_example/BUILD/GAP8_V2/GCC_RISCV_FREERTOS//gap_sdk/rtos/freeRTOS/vendors/gwt/pmsis/rtos/event_kernel/event_kernel.o
                0x000000001c00630a                pmsis_event_get_default_scheduler
 .text.pmsis_event_set_default_scheduler
                0x000000001c006314        0xa /module/examples/other/my_example/BUILD/GAP8_V2/GCC_RISCV_FREERTOS//gap_sdk/rtos/freeRTOS/vendors/gwt/pmsis/rtos/event_kernel/event_kernel.o
                0x000000001c006314                pmsis_event_set_default_scheduler
 .text.pi_cl_l1_free
                0x000000001c00631e       0x20 /module/examples/other/my_example/BUILD/GAP8_V2/GCC_RISCV_FREERTOS//gap_sdk/rtos/freeRTOS/vendors/gwt/pmsis/rtos/malloc/cl_l1_malloc.o
                0x000000001c00631e                pi_cl_l1_free
 .text.pi_fc_l1_malloc
                0x000000001c00633e       0x22 /module/examples/other/my_example/BUILD/GAP8_V2/GCC_RISCV_FREERTOS//gap_sdk/rtos/freeRTOS/vendors/gwt/pmsis/rtos/malloc/fc_l1_malloc.o
                0x000000001c00633e                pi_fc_l1_malloc
 .text.pi_fc_l1_free
                0x000000001c006360       0x24 /module/examples/other/my_example/BUILD/GAP8_V2/GCC_RISCV_FREERTOS//gap_sdk/rtos/freeRTOS/vendors/gwt/pmsis/rtos/malloc/fc_l1_malloc.o
                0x000000001c006360                pi_fc_l1_free
 .text.pi_fc_l1_malloc_init
                0x000000001c006384       0x20 /module/examples/other/my_example/BUILD/GAP8_V2/GCC_RISCV_FREERTOS//gap_sdk/rtos/freeRTOS/vendors/gwt/pmsis/rtos/malloc/fc_l1_malloc.o
                0x000000001c006384                pi_fc_l1_malloc_init
 .text.pi_l2_malloc
                0x000000001c0063a4       0x5a /module/examples/other/my_example/BUILD/GAP8_V2/GCC_RISCV_FREERTOS//gap_sdk/rtos/freeRTOS/vendors/gwt/pmsis/rtos/malloc/l2_malloc.o
                0x000000001c0063a4                pi_l2_malloc
 .text.pi_l2_free
                0x000000001c0063fe       0x3a /module/examples/other/my_example/BUILD/GAP8_V2/GCC_RISCV_FREERTOS//gap_sdk/rtos/freeRTOS/vendors/gwt/pmsis/rtos/malloc/l2_malloc.o
                0x000000001c0063fe                pi_l2_free
 .text.pi_l2_malloc_init
                0x000000001c006438       0x20 /module/examples/other/my_example/BUILD/GAP8_V2/GCC_RISCV_FREERTOS//gap_sdk/rtos/freeRTOS/vendors/gwt/pmsis/rtos/malloc/l2_malloc.o
                0x000000001c006438                pi_l2_malloc_init
 .text.__malloc_init
                0x000000001c006458       0x20 /module/examples/other/my_example/BUILD/GAP8_V2/GCC_RISCV_FREERTOS//gap_sdk/rtos/freeRTOS/vendors/gwt/pmsis/rtos/malloc/malloc_internal.o
                0x000000001c006458                __malloc_init
 .text.__malloc
                0x000000001c006478       0x4a /module/examples/other/my_example/BUILD/GAP8_V2/GCC_RISCV_FREERTOS//gap_sdk/rtos/freeRTOS/vendors/gwt/pmsis/rtos/malloc/malloc_internal.o
                0x000000001c006478                __malloc
 .text.__malloc_free
                0x000000001c0064c2       0x5c /module/examples/other/my_example/BUILD/GAP8_V2/GCC_RISCV_FREERTOS//gap_sdk/rtos/freeRTOS/vendors/gwt/pmsis/rtos/malloc/malloc_internal.o
                0x000000001c0064c2                __malloc_free
 .text.pi_malloc_init
                0x000000001c00651e       0x1c /module/examples/other/my_example/BUILD/GAP8_V2/GCC_RISCV_FREERTOS//gap_sdk/rtos/freeRTOS/vendors/gwt/pmsis/rtos/malloc/pi_malloc.o
                0x000000001c00651e                pi_malloc_init
 .text.pi_malloc
                0x000000001c00653a       0x2c /module/examples/other/my_example/BUILD/GAP8_V2/GCC_RISCV_FREERTOS//gap_sdk/rtos/freeRTOS/vendors/gwt/pmsis/rtos/malloc/pi_malloc.o
                0x000000001c00653a                pi_malloc
 .text.pi_free  0x000000001c006566       0x1c /module/examples/other/my_example/BUILD/GAP8_V2/GCC_RISCV_FREERTOS//gap_sdk/rtos/freeRTOS/vendors/gwt/pmsis/rtos/malloc/pi_malloc.o
                0x000000001c006566                pi_free
 .text.pi_open_from_conf
                0x000000001c006582        0x4 /module/examples/other/my_example/BUILD/GAP8_V2/GCC_RISCV_FREERTOS//gap_sdk/rtos/freeRTOS/vendors/gwt/pmsis/rtos/os/device.o
                0x000000001c006582                pi_open_from_conf
 .text.__pi_task_block
                0x000000001c006586       0x2e /module/examples/other/my_example/BUILD/GAP8_V2/GCC_RISCV_FREERTOS//gap_sdk/rtos/freeRTOS/vendors/gwt/pmsis/rtos/os/pmsis_task.o
                0x000000001c006586                __pi_task_block
 .text.__pi_task_destroy
                0x000000001c0065b4        0x6 /module/examples/other/my_example/BUILD/GAP8_V2/GCC_RISCV_FREERTOS//gap_sdk/rtos/freeRTOS/vendors/gwt/pmsis/rtos/os/pmsis_task.o
                0x000000001c0065b4                __pi_task_destroy
 .text.__pi_task_wait_on
                0x000000001c0065ba       0x30 /module/examples/other/my_example/BUILD/GAP8_V2/GCC_RISCV_FREERTOS//gap_sdk/rtos/freeRTOS/vendors/gwt/pmsis/rtos/os/pmsis_task.o
                0x000000001c0065ba                __pi_task_wait_on
 .text.__pi_task_push_locked
                0x000000001c0065ea       0x8a /module/examples/other/my_example/BUILD/GAP8_V2/GCC_RISCV_FREERTOS//gap_sdk/rtos/freeRTOS/vendors/gwt/pmsis/rtos/os/pmsis_task.o
                0x000000001c0065ea                __pi_task_push_locked
 .text.pi_task_release
                0x000000001c006674       0x4e /module/examples/other/my_example/BUILD/GAP8_V2/GCC_RISCV_FREERTOS//gap_sdk/rtos/freeRTOS/vendors/gwt/pmsis/rtos/os/pmsis_task.o
                0x000000001c006674                pi_task_release
 .text.pi_cl_pi_task_wait
                0x000000001c0066c2       0x28 /module/examples/other/my_example/BUILD/GAP8_V2/GCC_RISCV_FREERTOS//gap_sdk/rtos/freeRTOS/vendors/gwt/pmsis/rtos/os/pmsis_task.o
                0x000000001c0066c2                pi_cl_pi_task_wait
 .text.__os_native_kickoff
                0x000000001c0066ea       0x9a /module/examples/other/my_example/BUILD/GAP8_V2/GCC_RISCV_FREERTOS//gap_sdk/rtos/freeRTOS/vendors/gwt/pmsis/backend/pmsis_backend_native_task_api.o
                0x000000001c0066ea                __os_native_kickoff
 .text.__pi_task_timer_irq
                0x000000001c006784       0x6c /module/examples/other/my_example/BUILD/GAP8_V2/GCC_RISCV_FREERTOS//gap_sdk/rtos/freeRTOS/vendors/gwt/pmsis/backend/pmsis_backend_native_task_api.o
                0x000000001c006784                __pi_task_timer_irq
 .text.pi_task_delayed_increment_push
                0x000000001c0067f0       0x7a /module/examples/other/my_example/BUILD/GAP8_V2/GCC_RISCV_FREERTOS//gap_sdk/rtos/freeRTOS/vendors/gwt/pmsis/backend/pmsis_backend_native_task_api.o
                0x000000001c0067f0                pi_task_delayed_increment_push
 .text.pxPortInitialiseStack
                0x000000001c00686a       0x38 /module/examples/other/my_example/BUILD/GAP8_V2/GCC_RISCV_FREERTOS//gap_sdk/rtos/freeRTOS/freertos_kernel/portable/GCC/RI5CY-GAP8/port.o
                0x000000001c00686a                pxPortInitialiseStack
 .text.prvSetupTimerInterrupt
                0x000000001c0068a2        0x8 /module/examples/other/my_example/BUILD/GAP8_V2/GCC_RISCV_FREERTOS//gap_sdk/rtos/freeRTOS/freertos_kernel/portable/GCC/RI5CY-GAP8/port.o
                0x000000001c0068a2                prvSetupTimerInterrupt
 .text.vPortEnter_Critical
                0x000000001c0068aa       0x14 /module/examples/other/my_example/BUILD/GAP8_V2/GCC_RISCV_FREERTOS//gap_sdk/rtos/freeRTOS/freertos_kernel/portable/GCC/RI5CY-GAP8/port.o
                0x000000001c0068aa                vPortEnter_Critical
 .text.vPortExit_Critical
                0x000000001c0068be       0x1c /module/examples/other/my_example/BUILD/GAP8_V2/GCC_RISCV_FREERTOS//gap_sdk/rtos/freeRTOS/freertos_kernel/portable/GCC/RI5CY-GAP8/port.o
                0x000000001c0068be                vPortExit_Critical
 .text.uPortSet_Interrupt_Mask_From_ISR
                0x000000001c0068da        0x6 /module/examples/other/my_example/BUILD/GAP8_V2/GCC_RISCV_FREERTOS//gap_sdk/rtos/freeRTOS/freertos_kernel/portable/GCC/RI5CY-GAP8/port.o
                0x000000001c0068da                uPortSet_Interrupt_Mask_From_ISR
 .text.vPortClear_Interrupt_Mask_From_ISR
                0x000000001c0068e0        0x6 /module/examples/other/my_example/BUILD/GAP8_V2/GCC_RISCV_FREERTOS//gap_sdk/rtos/freeRTOS/freertos_kernel/portable/GCC/RI5CY-GAP8/port.o
                0x000000001c0068e0                vPortClear_Interrupt_Mask_From_ISR
 .text._out_buffer
                0x000000001c0068e6        0xa /module/examples/other/my_example/BUILD/GAP8_V2/GCC_RISCV_FREERTOS//gap_sdk/rtos/freeRTOS/vendors/gwt/libs/printf/printf.o
 .text._out_null
                0x000000001c0068f0        0x2 /module/examples/other/my_example/BUILD/GAP8_V2/GCC_RISCV_FREERTOS//gap_sdk/rtos/freeRTOS/vendors/gwt/libs/printf/printf.o
 .text._out_char
                0x000000001c0068f2        0x8 /module/examples/other/my_example/BUILD/GAP8_V2/GCC_RISCV_FREERTOS//gap_sdk/rtos/freeRTOS/vendors/gwt/libs/printf/printf.o
 .text._ntoa_long
                0x000000001c0068fa      0x34c /module/examples/other/my_example/BUILD/GAP8_V2/GCC_RISCV_FREERTOS//gap_sdk/rtos/freeRTOS/vendors/gwt/libs/printf/printf.o
 .text._etoa    0x000000001c006c46      0x68e /module/examples/other/my_example/BUILD/GAP8_V2/GCC_RISCV_FREERTOS//gap_sdk/rtos/freeRTOS/vendors/gwt/libs/printf/printf.o
 .text._ftoa.part.1
                0x000000001c0072d4      0x53a /module/examples/other/my_example/BUILD/GAP8_V2/GCC_RISCV_FREERTOS//gap_sdk/rtos/freeRTOS/vendors/gwt/libs/printf/printf.o
 .text._vsnprintf
                0x000000001c00780e      0x7dc /module/examples/other/my_example/BUILD/GAP8_V2/GCC_RISCV_FREERTOS//gap_sdk/rtos/freeRTOS/vendors/gwt/libs/printf/printf.o
 .text.printf_  0x000000001c007fea       0x32 /module/examples/other/my_example/BUILD/GAP8_V2/GCC_RISCV_FREERTOS//gap_sdk/rtos/freeRTOS/vendors/gwt/libs/printf/printf.o
                0x000000001c007fea                printf_
 .text.vsnprintf_
                0x000000001c00801c       0x14 /module/examples/other/my_example/BUILD/GAP8_V2/GCC_RISCV_FREERTOS//gap_sdk/rtos/freeRTOS/vendors/gwt/libs/printf/printf.o
                0x000000001c00801c                vsnprintf_
 .text.vListInitialise
                0x000000001c008030       0x14 /module/examples/other/my_example/BUILD/GAP8_V2/GCC_RISCV_FREERTOS//gap_sdk/rtos/freeRTOS/freertos_kernel/list.o
                0x000000001c008030                vListInitialise
 .text.vListInitialiseItem
                0x000000001c008044        0x6 /module/examples/other/my_example/BUILD/GAP8_V2/GCC_RISCV_FREERTOS//gap_sdk/rtos/freeRTOS/freertos_kernel/list.o
                0x000000001c008044                vListInitialiseItem
 .text.vListInsertEnd
                0x000000001c00804a       0x18 /module/examples/other/my_example/BUILD/GAP8_V2/GCC_RISCV_FREERTOS//gap_sdk/rtos/freeRTOS/freertos_kernel/list.o
                0x000000001c00804a                vListInsertEnd
 .text.vListInsert
                0x000000001c008062       0x2e /module/examples/other/my_example/BUILD/GAP8_V2/GCC_RISCV_FREERTOS//gap_sdk/rtos/freeRTOS/freertos_kernel/list.o
                0x000000001c008062                vListInsert
 .text.uxListRemove
                0x000000001c008090       0x22 /module/examples/other/my_example/BUILD/GAP8_V2/GCC_RISCV_FREERTOS//gap_sdk/rtos/freeRTOS/freertos_kernel/list.o
                0x000000001c008090                uxListRemove
 .text.xQueueGenericCreateStatic
                0x000000001c0080b2       0x6a /module/examples/other/my_example/BUILD/GAP8_V2/GCC_RISCV_FREERTOS//gap_sdk/rtos/freeRTOS/freertos_kernel/queue.o
                0x000000001c0080b2                xQueueGenericCreateStatic
 .text.xQueueGenericCreate
                0x000000001c00811c       0x7c /module/examples/other/my_example/BUILD/GAP8_V2/GCC_RISCV_FREERTOS//gap_sdk/rtos/freeRTOS/freertos_kernel/queue.o
                0x000000001c00811c                xQueueGenericCreate
 .text.xQueueGenericSend
                0x000000001c008198      0x35e /module/examples/other/my_example/BUILD/GAP8_V2/GCC_RISCV_FREERTOS//gap_sdk/rtos/freeRTOS/freertos_kernel/queue.o
                0x000000001c008198                xQueueGenericSend
 .text.xQueueCreateMutex
                0x000000001c0084f6       0x80 /module/examples/other/my_example/BUILD/GAP8_V2/GCC_RISCV_FREERTOS//gap_sdk/rtos/freeRTOS/freertos_kernel/queue.o
                0x000000001c0084f6                xQueueCreateMutex
 .text.xQueueGenericSendFromISR
                0x000000001c008576      0x108 /module/examples/other/my_example/BUILD/GAP8_V2/GCC_RISCV_FREERTOS//gap_sdk/rtos/freeRTOS/freertos_kernel/queue.o
                0x000000001c008576                xQueueGenericSendFromISR
 .text.xQueueReceive
                0x000000001c00867e      0x2b6 /module/examples/other/my_example/BUILD/GAP8_V2/GCC_RISCV_FREERTOS//gap_sdk/rtos/freeRTOS/freertos_kernel/queue.o
                0x000000001c00867e                xQueueReceive
 .text.xQueueSemaphoreTake
                0x000000001c008934      0x2ea /module/examples/other/my_example/BUILD/GAP8_V2/GCC_RISCV_FREERTOS//gap_sdk/rtos/freeRTOS/freertos_kernel/queue.o
                0x000000001c008934                xQueueSemaphoreTake
 .text.uxQueueMessagesWaiting
                0x000000001c008c1e       0x1c /module/examples/other/my_example/BUILD/GAP8_V2/GCC_RISCV_FREERTOS//gap_sdk/rtos/freeRTOS/freertos_kernel/queue.o
                0x000000001c008c1e                uxQueueMessagesWaiting
 .text.vQueueAddToRegistry
                0x000000001c008c3a       0x58 /module/examples/other/my_example/BUILD/GAP8_V2/GCC_RISCV_FREERTOS//gap_sdk/rtos/freeRTOS/freertos_kernel/queue.o
                0x000000001c008c3a                vQueueAddToRegistry
 .text.vQueueWaitForMessageRestricted
                0x000000001c008c92       0xea /module/examples/other/my_example/BUILD/GAP8_V2/GCC_RISCV_FREERTOS//gap_sdk/rtos/freeRTOS/freertos_kernel/queue.o
                0x000000001c008c92                vQueueWaitForMessageRestricted
 .text.prvAddNewTaskToReadyList
                0x000000001c008d7c      0x15c /module/examples/other/my_example/BUILD/GAP8_V2/GCC_RISCV_FREERTOS//gap_sdk/rtos/freeRTOS/freertos_kernel/tasks.o
 .text.prvIdleTask
                0x000000001c008ed8       0x90 /module/examples/other/my_example/BUILD/GAP8_V2/GCC_RISCV_FREERTOS//gap_sdk/rtos/freeRTOS/freertos_kernel/tasks.o
 .text.xTaskIncrementTick.part.6
                0x000000001c008f68      0x168 /module/examples/other/my_example/BUILD/GAP8_V2/GCC_RISCV_FREERTOS//gap_sdk/rtos/freeRTOS/freertos_kernel/tasks.o
 .text.xTaskCreateStatic
                0x000000001c0090d0      0x186 /module/examples/other/my_example/BUILD/GAP8_V2/GCC_RISCV_FREERTOS//gap_sdk/rtos/freeRTOS/freertos_kernel/tasks.o
                0x000000001c0090d0                xTaskCreateStatic
 .text.xTaskCreate
                0x000000001c009256      0x1aa /module/examples/other/my_example/BUILD/GAP8_V2/GCC_RISCV_FREERTOS//gap_sdk/rtos/freeRTOS/freertos_kernel/tasks.o
                0x000000001c009256                xTaskCreate
 .text.vTaskStartScheduler
                0x000000001c009400       0xf4 /module/examples/other/my_example/BUILD/GAP8_V2/GCC_RISCV_FREERTOS//gap_sdk/rtos/freeRTOS/freertos_kernel/tasks.o
                0x000000001c009400                vTaskStartScheduler
 .text.vTaskSuspendAll
                0x000000001c0094f4       0x10 /module/examples/other/my_example/BUILD/GAP8_V2/GCC_RISCV_FREERTOS//gap_sdk/rtos/freeRTOS/freertos_kernel/tasks.o
                0x000000001c0094f4                vTaskSuspendAll
 .text.xTaskResumeAll
                0x000000001c009504      0x13e /module/examples/other/my_example/BUILD/GAP8_V2/GCC_RISCV_FREERTOS//gap_sdk/rtos/freeRTOS/freertos_kernel/tasks.o
                0x000000001c009504                xTaskResumeAll
 .text.vTaskDelay
                0x000000001c009642       0x9c /module/examples/other/my_example/BUILD/GAP8_V2/GCC_RISCV_FREERTOS//gap_sdk/rtos/freeRTOS/freertos_kernel/tasks.o
                0x000000001c009642                vTaskDelay
 .text.xTaskGetTickCount
                0x000000001c0096de        0xa /module/examples/other/my_example/BUILD/GAP8_V2/GCC_RISCV_FREERTOS//gap_sdk/rtos/freeRTOS/freertos_kernel/tasks.o
                0x000000001c0096de                xTaskGetTickCount
 .text.xTaskIncrementTick
                0x000000001c0096e8       0x20 /module/examples/other/my_example/BUILD/GAP8_V2/GCC_RISCV_FREERTOS//gap_sdk/rtos/freeRTOS/freertos_kernel/tasks.o
                0x000000001c0096e8                xTaskIncrementTick
 .text.vTaskSwitchContext
                0x000000001c009708       0xb2 /module/examples/other/my_example/BUILD/GAP8_V2/GCC_RISCV_FREERTOS//gap_sdk/rtos/freeRTOS/freertos_kernel/tasks.o
                0x000000001c009708                vTaskSwitchContext
 .text.vTaskPlaceOnEventList
                0x000000001c0097ba       0x9c /module/examples/other/my_example/BUILD/GAP8_V2/GCC_RISCV_FREERTOS//gap_sdk/rtos/freeRTOS/freertos_kernel/tasks.o
                0x000000001c0097ba                vTaskPlaceOnEventList
 .text.vTaskPlaceOnUnorderedEventList
                0x000000001c009856       0xac /module/examples/other/my_example/BUILD/GAP8_V2/GCC_RISCV_FREERTOS//gap_sdk/rtos/freeRTOS/freertos_kernel/tasks.o
                0x000000001c009856                vTaskPlaceOnUnorderedEventList
 .text.vTaskPlaceOnEventListRestricted
                0x000000001c009902       0xaa /module/examples/other/my_example/BUILD/GAP8_V2/GCC_RISCV_FREERTOS//gap_sdk/rtos/freeRTOS/freertos_kernel/tasks.o
                0x000000001c009902                vTaskPlaceOnEventListRestricted
 .text.xTaskRemoveFromEventList
                0x000000001c0099ac       0x8e /module/examples/other/my_example/BUILD/GAP8_V2/GCC_RISCV_FREERTOS//gap_sdk/rtos/freeRTOS/freertos_kernel/tasks.o
                0x000000001c0099ac                xTaskRemoveFromEventList
 .text.vTaskRemoveFromUnorderedEventList
                0x000000001c009a3a       0x74 /module/examples/other/my_example/BUILD/GAP8_V2/GCC_RISCV_FREERTOS//gap_sdk/rtos/freeRTOS/freertos_kernel/tasks.o
                0x000000001c009a3a                vTaskRemoveFromUnorderedEventList
 .text.vTaskInternalSetTimeOutState
                0x000000001c009aae       0x16 /module/examples/other/my_example/BUILD/GAP8_V2/GCC_RISCV_FREERTOS//gap_sdk/rtos/freeRTOS/freertos_kernel/tasks.o
                0x000000001c009aae                vTaskInternalSetTimeOutState
 .text.xTaskCheckForTimeOut
                0x000000001c009ac4       0x84 /module/examples/other/my_example/BUILD/GAP8_V2/GCC_RISCV_FREERTOS//gap_sdk/rtos/freeRTOS/freertos_kernel/tasks.o
                0x000000001c009ac4                xTaskCheckForTimeOut
 .text.vTaskMissedYield
                0x000000001c009b48        0xc /module/examples/other/my_example/BUILD/GAP8_V2/GCC_RISCV_FREERTOS//gap_sdk/rtos/freeRTOS/freertos_kernel/tasks.o
                0x000000001c009b48                vTaskMissedYield
 .text.xTaskGetCurrentTaskHandle
                0x000000001c009b54        0xa /module/examples/other/my_example/BUILD/GAP8_V2/GCC_RISCV_FREERTOS//gap_sdk/rtos/freeRTOS/freertos_kernel/tasks.o
                0x000000001c009b54                xTaskGetCurrentTaskHandle
 .text.xTaskGetSchedulerState
                0x000000001c009b5e       0x1c /module/examples/other/my_example/BUILD/GAP8_V2/GCC_RISCV_FREERTOS//gap_sdk/rtos/freeRTOS/freertos_kernel/tasks.o
                0x000000001c009b5e                xTaskGetSchedulerState
 .text.xTaskPriorityInherit
                0x000000001c009b7a       0xb0 /module/examples/other/my_example/BUILD/GAP8_V2/GCC_RISCV_FREERTOS//gap_sdk/rtos/freeRTOS/freertos_kernel/tasks.o
                0x000000001c009b7a                xTaskPriorityInherit
 .text.xTaskPriorityDisinherit
                0x000000001c009c2a       0x70 /module/examples/other/my_example/BUILD/GAP8_V2/GCC_RISCV_FREERTOS//gap_sdk/rtos/freeRTOS/freertos_kernel/tasks.o
                0x000000001c009c2a                xTaskPriorityDisinherit
 .text.vTaskPriorityDisinheritAfterTimeout
                0x000000001c009c9a       0x94 /module/examples/other/my_example/BUILD/GAP8_V2/GCC_RISCV_FREERTOS//gap_sdk/rtos/freeRTOS/freertos_kernel/tasks.o
                0x000000001c009c9a                vTaskPriorityDisinheritAfterTimeout
 .text.uxTaskResetEventItemValue
                0x000000001c009d2e       0x1a /module/examples/other/my_example/BUILD/GAP8_V2/GCC_RISCV_FREERTOS//gap_sdk/rtos/freeRTOS/freertos_kernel/tasks.o
                0x000000001c009d2e                uxTaskResetEventItemValue
 .text.pvTaskIncrementMutexHeldCount
                0x000000001c009d48       0x18 /module/examples/other/my_example/BUILD/GAP8_V2/GCC_RISCV_FREERTOS//gap_sdk/rtos/freeRTOS/freertos_kernel/tasks.o
                0x000000001c009d48                pvTaskIncrementMutexHeldCount
 .text.ulTaskGenericNotifyTake
                0x000000001c009d60       0xf8 /module/examples/other/my_example/BUILD/GAP8_V2/GCC_RISCV_FREERTOS//gap_sdk/rtos/freeRTOS/freertos_kernel/tasks.o
                0x000000001c009d60                ulTaskGenericNotifyTake
 .text.vTaskGenericNotifyGiveFromISR
                0x000000001c009e58       0xc0 /module/examples/other/my_example/BUILD/GAP8_V2/GCC_RISCV_FREERTOS//gap_sdk/rtos/freeRTOS/freertos_kernel/tasks.o
                0x000000001c009e58                vTaskGenericNotifyGiveFromISR
 .text.prvTimerTask
                0x000000001c009f18      0x35e /module/examples/other/my_example/BUILD/GAP8_V2/GCC_RISCV_FREERTOS//gap_sdk/rtos/freeRTOS/freertos_kernel/timers.o
 .text.xTimerCreateTimerTask
                0x000000001c00a276       0xc2 /module/examples/other/my_example/BUILD/GAP8_V2/GCC_RISCV_FREERTOS//gap_sdk/rtos/freeRTOS/freertos_kernel/timers.o
                0x000000001c00a276                xTimerCreateTimerTask
 .text.xTimerPendFunctionCallFromISR
                0x000000001c00a338       0x28 /module/examples/other/my_example/BUILD/GAP8_V2/GCC_RISCV_FREERTOS//gap_sdk/rtos/freeRTOS/freertos_kernel/timers.o
                0x000000001c00a338                xTimerPendFunctionCallFromISR
 .text.xEventGroupCreate
                0x000000001c00a360       0x26 /module/examples/other/my_example/BUILD/GAP8_V2/GCC_RISCV_FREERTOS//gap_sdk/rtos/freeRTOS/freertos_kernel/event_groups.o
                0x000000001c00a360                xEventGroupCreate
 .text.xEventGroupWaitBits
                0x000000001c00a386       0xdc /module/examples/other/my_example/BUILD/GAP8_V2/GCC_RISCV_FREERTOS//gap_sdk/rtos/freeRTOS/freertos_kernel/event_groups.o
                0x000000001c00a386                xEventGroupWaitBits
 .text.xEventGroupSetBits
                0x000000001c00a462       0x9a /module/examples/other/my_example/BUILD/GAP8_V2/GCC_RISCV_FREERTOS//gap_sdk/rtos/freeRTOS/freertos_kernel/event_groups.o
                0x000000001c00a462                xEventGroupSetBits
 .text.vEventGroupSetBitsCallback
                0x000000001c00a4fc       0x96 /module/examples/other/my_example/BUILD/GAP8_V2/GCC_RISCV_FREERTOS//gap_sdk/rtos/freeRTOS/freertos_kernel/event_groups.o
                0x000000001c00a4fc                vEventGroupSetBitsCallback
 .text.vApplicationIdleHook
                0x000000001c00a592       0x16 /module/examples/other/my_example/BUILD/GAP8_V2/GCC_RISCV_FREERTOS//gap_sdk/rtos/freeRTOS/demos/gwt/config/gap8/FreeRTOS_util.o
                0x000000001c00a592                vApplicationIdleHook
 .text.vApplicationGetIdleTaskMemory
                0x000000001c00a5a8       0x18 /module/examples/other/my_example/BUILD/GAP8_V2/GCC_RISCV_FREERTOS//gap_sdk/rtos/freeRTOS/demos/gwt/config/gap8/FreeRTOS_util.o
                0x000000001c00a5a8                vApplicationGetIdleTaskMemory
 .text.vApplicationGetTimerTaskMemory
                0x000000001c00a5c0       0x1c /module/examples/other/my_example/BUILD/GAP8_V2/GCC_RISCV_FREERTOS//gap_sdk/rtos/freeRTOS/demos/gwt/config/gap8/FreeRTOS_util.o
                0x000000001c00a5c0                vApplicationGetTimerTaskMemory
                0x000000001c00a5dc                . = ALIGN (0x4)
                0x000000001c00a5dc                __cluster_text_start = .
 *(.cluster.text)
 *(.cluster.text.*)
                0x000000001c00a5dc                __cluster_text_end = .
                0x000000001c00a5dc                _etext = .
 *(.lit)
 *(.shdata)
                0x000000001c00a5dc                _endtext = .

.ctors          0x000000001c00a5dc        0x0
                0x000000001c00a5dc                . = ALIGN (0x4)
                0x000000001c00a5dc                __CTOR_LIST__ = .
 *crtbegin.o(.ctors)
 *crtbegin?.o(.ctors)
 *(EXCLUDE_FILE(*crtend.o *crtend?.o) .ctors)
 *(SORT(.ctors.*))
 *(.ctors)
                0x000000001c00a5dc                __CTOR_END__ = .

.dtors          0x000000001c00a5dc        0x0
                0x000000001c00a5dc                . = ALIGN (0x4)
                0x000000001c00a5dc                __DTOR_LIST__ = .
 *crtbegin.o(.dtors)
 *crtbegin?.o(.dtors)
 *(EXCLUDE_FILE(*crtend.o *crtend?.o) .dtors)
 *(SORT(.dtors.*))
 *(.dtors)
                0x000000001c00a5dc                __DTOR_END__ = .

.preinit_array  0x000000001c00a5dc        0x0
                [!provide]                        PROVIDE (__preinit_array_start, .)
 *(.preinit_array*)
                [!provide]                        PROVIDE (__preinit_array_end, .)

.init_array     0x000000001c00a5dc        0x0
                [!provide]                        PROVIDE (__init_array_start, .)
 *(SORT(.init_array.*))
 *(.init_array*)
                [!provide]                        PROVIDE (__init_array_end, .)

.fini_array     0x000000001c00a5dc        0x0
                [!provide]                        PROVIDE (__fini_array_start, .)
 *(SORT(.fini_array.*))
 *(.fini_array*)
                [!provide]                        PROVIDE (__fini_array_end, .)

.rodata         0x000000001c00a5e0      0x470
                0x000000001c00a5e0                . = ALIGN (0x4)
 *(.rodata)
 .rodata        0x000000001c00a5e0       0x3c /usr/lib/gap_riscv_toolchain/bin/../lib/gcc/riscv32-unknown-elf/7.1.1/rv32imcxgap8/ilp32/libgcc.a(divdf3.o)
 .rodata        0x000000001c00a61c       0x3c /usr/lib/gap_riscv_toolchain/bin/../lib/gcc/riscv32-unknown-elf/7.1.1/rv32imcxgap8/ilp32/libgcc.a(muldf3.o)
 *(.rodata.*)
 .rodata.comm_task.str1.4
                0x000000001c00a658       0x70 /module/examples/other/my_example/BUILD/GAP8_V2/GCC_RISCV_FREERTOS/hello_world_gap8.o
 .rodata.rx_task.str1.4
                0x000000001c00a6c8       0x43 /module/examples/other/my_example/BUILD/GAP8_V2/GCC_RISCV_FREERTOS/hello_world_gap8.o
 *fill*         0x000000001c00a70b        0x1 
 .rodata.start_example.str1.4
                0x000000001c00a70c       0xc5 /module/examples/other/my_example/BUILD/GAP8_V2/GCC_RISCV_FREERTOS/hello_world_gap8.o
 *fill*         0x000000001c00a7d1        0x3 
 .rodata.com_init.str1.4
                0x000000001c00a7d4       0x35 /module/examples/other/my_example/BUILD/GAP8_V2/GCC_RISCV_FREERTOS/../../../lib/cpx/src/com.o
 *fill*         0x000000001c00a809        0x3 
 .rodata.cpxInit.str1.4
                0x000000001c00a80c       0x22 /module/examples/other/my_example/BUILD/GAP8_V2/GCC_RISCV_FREERTOS/../../../lib/cpx/src/cpx.o
                                         0x2a (size before relaxing)
 *fill*         0x000000001c00a82e        0x2 
 .rodata.cpx_rx_task.str1.4
                0x000000001c00a830       0x20 /module/examples/other/my_example/BUILD/GAP8_V2/GCC_RISCV_FREERTOS/../../../lib/cpx/src/cpx.o
 .rodata.__func__.11126
                0x000000001c00a850        0xe /module/examples/other/my_example/BUILD/GAP8_V2/GCC_RISCV_FREERTOS//gap_sdk/rtos/freeRTOS/vendors/gwt/gap8/pmsis/drivers/udma/spi/spi_internal.o
 *fill*         0x000000001c00a85e        0x2 
 .rodata.__pi_spi_open.str1.4
                0x000000001c00a860       0x61 /module/examples/other/my_example/BUILD/GAP8_V2/GCC_RISCV_FREERTOS//gap_sdk/rtos/freeRTOS/vendors/gwt/gap8/pmsis/drivers/udma/spi/spi_internal.o
 *fill*         0x000000001c00a8c1        0x3 
 .rodata.pmsis_event_kernel_init.str1.4
                0x000000001c00a8c4       0x2a /module/examples/other/my_example/BUILD/GAP8_V2/GCC_RISCV_FREERTOS//gap_sdk/rtos/freeRTOS/vendors/gwt/pmsis/rtos/event_kernel/event_kernel.o
 *fill*         0x000000001c00a8ee        0x2 
 .rodata.pi_l2_malloc.str1.4
                0x000000001c00a8f0        0xf /module/examples/other/my_example/BUILD/GAP8_V2/GCC_RISCV_FREERTOS//gap_sdk/rtos/freeRTOS/vendors/gwt/pmsis/rtos/malloc/l2_malloc.o
 *fill*         0x000000001c00a8ff        0x1 
 .rodata.__os_native_kickoff.str1.4
                0x000000001c00a900       0x3c /module/examples/other/my_example/BUILD/GAP8_V2/GCC_RISCV_FREERTOS//gap_sdk/rtos/freeRTOS/vendors/gwt/pmsis/backend/pmsis_backend_native_task_api.o
 *fill*         0x000000001c00a93c        0x4 
 .rodata._etoa.cst8
                0x000000001c00a940       0x90 /module/examples/other/my_example/BUILD/GAP8_V2/GCC_RISCV_FREERTOS//gap_sdk/rtos/freeRTOS/vendors/gwt/libs/printf/printf.o
 .rodata._etoa.str1.4
                0x000000001c00a9d0       0x15 /module/examples/other/my_example/BUILD/GAP8_V2/GCC_RISCV_FREERTOS//gap_sdk/rtos/freeRTOS/vendors/gwt/libs/printf/printf.o
 *fill*         0x000000001c00a9e5        0x3 
 .rodata._ftoa.part.1.cst8
                0x000000001c00a9e8        0x8 /module/examples/other/my_example/BUILD/GAP8_V2/GCC_RISCV_FREERTOS//gap_sdk/rtos/freeRTOS/vendors/gwt/libs/printf/printf.o
 .rodata.pow10.1787
                0x000000001c00a9f0       0x50 /module/examples/other/my_example/BUILD/GAP8_V2/GCC_RISCV_FREERTOS//gap_sdk/rtos/freeRTOS/vendors/gwt/libs/printf/printf.o
 .rodata.xTimerCreateTimerTask.str1.4
                0x000000001c00aa40       0x10 /module/examples/other/my_example/BUILD/GAP8_V2/GCC_RISCV_FREERTOS//gap_sdk/rtos/freeRTOS/freertos_kernel/timers.o
 *(.srodata)
 *(.srodata.*)
 *(.eh_frame*)

.rela.dyn       0x000000001c00aa50        0x0
 .rela.text.rx_task
                0x000000001c00aa50        0x0 /module/examples/other/my_example/BUILD/GAP8_V2/GCC_RISCV_FREERTOS/hello_world_gap8.o
 .rela.text.comm_task
                0x000000001c00aa50        0x0 /module/examples/other/my_example/BUILD/GAP8_V2/GCC_RISCV_FREERTOS/hello_world_gap8.o
 .rela.text.start_example
                0x000000001c00aa50        0x0 /module/examples/other/my_example/BUILD/GAP8_V2/GCC_RISCV_FREERTOS/hello_world_gap8.o
 .rela.text.handleReceiveMessage
                0x000000001c00aa50        0x0 /module/examples/other/my_example/BUILD/GAP8_V2/GCC_RISCV_FREERTOS/hello_world_gap8.o
 .rela.text.startup.main
                0x000000001c00aa50        0x0 /module/examples/other/my_example/BUILD/GAP8_V2/GCC_RISCV_FREERTOS/hello_world_gap8.o
 .rela.text.vDataReadyISR
                0x000000001c00aa50        0x0 /module/examples/other/my_example/BUILD/GAP8_V2/GCC_RISCV_FREERTOS/hello_world_gap8.o
 .rela.text.com_task
                0x000000001c00aa50        0x0 /module/examples/other/my_example/BUILD/GAP8_V2/GCC_RISCV_FREERTOS/hello_world_gap8.o
 .rela.text.set_gap8_rtt_pin
                0x000000001c00aa50        0x0 /module/examples/other/my_example/BUILD/GAP8_V2/GCC_RISCV_FREERTOS/hello_world_gap8.o
 .rela.text.com_init
                0x000000001c00aa50        0x0 /module/examples/other/my_example/BUILD/GAP8_V2/GCC_RISCV_FREERTOS/hello_world_gap8.o
 .rela.text.com_read
                0x000000001c00aa50        0x0 /module/examples/other/my_example/BUILD/GAP8_V2/GCC_RISCV_FREERTOS/hello_world_gap8.o
 .rela.text.com_write
                0x000000001c00aa50        0x0 /module/examples/other/my_example/BUILD/GAP8_V2/GCC_RISCV_FREERTOS/hello_world_gap8.o
 .rela.text.cpx_rx_task
                0x000000001c00aa50        0x0 /module/examples/other/my_example/BUILD/GAP8_V2/GCC_RISCV_FREERTOS/hello_world_gap8.o
 .rela.text.cpxEnableFunction
                0x000000001c00aa50        0x0 /module/examples/other/my_example/BUILD/GAP8_V2/GCC_RISCV_FREERTOS/hello_world_gap8.o
 .rela.text.cpxReceivePacketBlocking
                0x000000001c00aa50        0x0 /module/examples/other/my_example/BUILD/GAP8_V2/GCC_RISCV_FREERTOS/hello_world_gap8.o
 .rela.text.cpxSendPacketBlocking
                0x000000001c00aa50        0x0 /module/examples/other/my_example/BUILD/GAP8_V2/GCC_RISCV_FREERTOS/hello_world_gap8.o
 .rela.text.cpxPrintToConsole
                0x000000001c00aa50        0x0 /module/examples/other/my_example/BUILD/GAP8_V2/GCC_RISCV_FREERTOS/hello_world_gap8.o
 .rela.text.cpxInit
                0x000000001c00aa50        0x0 /module/examples/other/my_example/BUILD/GAP8_V2/GCC_RISCV_FREERTOS/hello_world_gap8.o
 .rela.text.reset
                0x000000001c00aa50        0x0 /module/examples/other/my_example/BUILD/GAP8_V2/GCC_RISCV_FREERTOS/hello_world_gap8.o
 .rela.vectors_irq
                0x000000001c00aa50        0x0 /module/examples/other/my_example/BUILD/GAP8_V2/GCC_RISCV_FREERTOS/hello_world_gap8.o
 .rela.text     0x000000001c00aa50        0x0 /module/examples/other/my_example/BUILD/GAP8_V2/GCC_RISCV_FREERTOS/hello_world_gap8.o
 .rela.text._isr_default
                0x000000001c00aa50        0x0 /module/examples/other/my_example/BUILD/GAP8_V2/GCC_RISCV_FREERTOS/hello_world_gap8.o
 .rela.text.uTaskCheckQuantum
                0x000000001c00aa50        0x0 /module/examples/other/my_example/BUILD/GAP8_V2/GCC_RISCV_FREERTOS/hello_world_gap8.o
 .rela.text._ill_insn_print
                0x000000001c00aa50        0x0 /module/examples/other/my_example/BUILD/GAP8_V2/GCC_RISCV_FREERTOS/hello_world_gap8.o
 .rela.text.system_init
                0x000000001c00aa50        0x0 /module/examples/other/my_example/BUILD/GAP8_V2/GCC_RISCV_FREERTOS/hello_world_gap8.o
 .rela.text.system_setup_systick
                0x000000001c00aa50        0x0 /module/examples/other/my_example/BUILD/GAP8_V2/GCC_RISCV_FREERTOS/hello_world_gap8.o
 .rela.text.system_core_clock_update
                0x000000001c00aa50        0x0 /module/examples/other/my_example/BUILD/GAP8_V2/GCC_RISCV_FREERTOS/hello_world_gap8.o
 .rela.text.system_setup_timer
                0x000000001c00aa50        0x0 /module/examples/other/my_example/BUILD/GAP8_V2/GCC_RISCV_FREERTOS/hello_world_gap8.o
 .rela.text.system_usermode_entry
                0x000000001c00aa50        0x0 /module/examples/other/my_example/BUILD/GAP8_V2/GCC_RISCV_FREERTOS/hello_world_gap8.o
 .rela.text.system_exit
                0x000000001c00aa50        0x0 /module/examples/other/my_example/BUILD/GAP8_V2/GCC_RISCV_FREERTOS/hello_world_gap8.o
 .rela.text.__uart_putc_cluster_req
                0x000000001c00aa50        0x0 /module/examples/other/my_example/BUILD/GAP8_V2/GCC_RISCV_FREERTOS/hello_world_gap8.o
 .rela.text.printf_uart_init
                0x000000001c00aa50        0x0 /module/examples/other/my_example/BUILD/GAP8_V2/GCC_RISCV_FREERTOS/hello_world_gap8.o
 .rela.text.__io_lock
                0x000000001c00aa50        0x0 /module/examples/other/my_example/BUILD/GAP8_V2/GCC_RISCV_FREERTOS/hello_world_gap8.o
 .rela.text.__io_unlock
                0x000000001c00aa50        0x0 /module/examples/other/my_example/BUILD/GAP8_V2/GCC_RISCV_FREERTOS/hello_world_gap8.o
 .rela.text._putchar
                0x000000001c00aa50        0x0 /module/examples/other/my_example/BUILD/GAP8_V2/GCC_RISCV_FREERTOS/hello_world_gap8.o
 .rela.text.puts
                0x000000001c00aa50        0x0 /module/examples/other/my_example/BUILD/GAP8_V2/GCC_RISCV_FREERTOS/hello_world_gap8.o
 .rela.text.system_exit_printf_flush
                0x000000001c00aa50        0x0 /module/examples/other/my_example/BUILD/GAP8_V2/GCC_RISCV_FREERTOS/hello_world_gap8.o
 .rela.sdata.g_lock
                0x000000001c00aa50        0x0 /module/examples/other/my_example/BUILD/GAP8_V2/GCC_RISCV_FREERTOS/hello_world_gap8.o
 .rela.sdata.g_unlock
                0x000000001c00aa50        0x0 /module/examples/other/my_example/BUILD/GAP8_V2/GCC_RISCV_FREERTOS/hello_world_gap8.o
 .rela.text.__pi_cl_delegate_l2_alloc
                0x000000001c00aa50        0x0 /module/examples/other/my_example/BUILD/GAP8_V2/GCC_RISCV_FREERTOS/hello_world_gap8.o
 .rela.text.__pi_cl_delegate_l2_free
                0x000000001c00aa50        0x0 /module/examples/other/my_example/BUILD/GAP8_V2/GCC_RISCV_FREERTOS/hello_world_gap8.o
 .rela.text.pi_cl_l2_malloc
                0x000000001c00aa50        0x0 /module/examples/other/my_example/BUILD/GAP8_V2/GCC_RISCV_FREERTOS/hello_world_gap8.o
 .rela.text.pi_cl_l2_free
                0x000000001c00aa50        0x0 /module/examples/other/my_example/BUILD/GAP8_V2/GCC_RISCV_FREERTOS/hello_world_gap8.o
 .rela.text.cl_notify_fc_event_handler
                0x000000001c00aa50        0x0 /module/examples/other/my_example/BUILD/GAP8_V2/GCC_RISCV_FREERTOS/hello_world_gap8.o
 .rela.text.pi_cl_send_task_to_fc
                0x000000001c00aa50        0x0 /module/examples/other/my_example/BUILD/GAP8_V2/GCC_RISCV_FREERTOS/hello_world_gap8.o
 .rela.text.pi_cluster_open_async
                0x000000001c00aa50        0x0 /module/examples/other/my_example/BUILD/GAP8_V2/GCC_RISCV_FREERTOS/hello_world_gap8.o
 .rela.text.__os_native_api_mutex_lock
                0x000000001c00aa50        0x0 /module/examples/other/my_example/BUILD/GAP8_V2/GCC_RISCV_FREERTOS/hello_world_gap8.o
 .rela.text.__os_native_api_mutex_release
                0x000000001c00aa50        0x0 /module/examples/other/my_example/BUILD/GAP8_V2/GCC_RISCV_FREERTOS/hello_world_gap8.o
 .rela.text.pi_cluster_close
                0x000000001c00aa50        0x0 /module/examples/other/my_example/BUILD/GAP8_V2/GCC_RISCV_FREERTOS/hello_world_gap8.o
 .rela.text.pi_cluster_open
                0x000000001c00aa50        0x0 /module/examples/other/my_example/BUILD/GAP8_V2/GCC_RISCV_FREERTOS/hello_world_gap8.o
 .rela.text.cl_task_finish
                0x000000001c00aa50        0x0 /module/examples/other/my_example/BUILD/GAP8_V2/GCC_RISCV_FREERTOS/hello_world_gap8.o
 .rela.text.pi_cluster_send_task_to_cl
                0x000000001c00aa50        0x0 /module/examples/other/my_example/BUILD/GAP8_V2/GCC_RISCV_FREERTOS/hello_world_gap8.o
 .rela.text.pi_cluster_send_task_to_cl_async
                0x000000001c00aa50        0x0 /module/examples/other/my_example/BUILD/GAP8_V2/GCC_RISCV_FREERTOS/hello_world_gap8.o
 .rela.text.__pi_cl_delegate_hyper_alloc
                0x000000001c00aa50        0x0 /module/examples/other/my_example/BUILD/GAP8_V2/GCC_RISCV_FREERTOS/hello_world_gap8.o
 .rela.text.__pi_cl_delegate_hyper_free
                0x000000001c00aa50        0x0 /module/examples/other/my_example/BUILD/GAP8_V2/GCC_RISCV_FREERTOS/hello_world_gap8.o
 .rela.text.__pi_cl_delegate_hyper_copy
                0x000000001c00aa50        0x0 /module/examples/other/my_example/BUILD/GAP8_V2/GCC_RISCV_FREERTOS/hello_world_gap8.o
 .rela.text.__pi_cl_hyper_copy_task_done
                0x000000001c00aa50        0x0 /module/examples/other/my_example/BUILD/GAP8_V2/GCC_RISCV_FREERTOS/hello_world_gap8.o
 .rela.text.__pi_cl_hyper_copy
                0x000000001c00aa50        0x0 /module/examples/other/my_example/BUILD/GAP8_V2/GCC_RISCV_FREERTOS/hello_world_gap8.o
 .rela.text.__pi_cl_hyper_copy_2d
                0x000000001c00aa50        0x0 /module/examples/other/my_example/BUILD/GAP8_V2/GCC_RISCV_FREERTOS/hello_world_gap8.o
 .rela.text.pi_cl_hyperram_alloc
                0x000000001c00aa50        0x0 /module/examples/other/my_example/BUILD/GAP8_V2/GCC_RISCV_FREERTOS/hello_world_gap8.o
 .rela.text.pi_cl_hyperram_free
                0x000000001c00aa50        0x0 /module/examples/other/my_example/BUILD/GAP8_V2/GCC_RISCV_FREERTOS/hello_world_gap8.o
 .rela.text.__pi_cl_uart_delegate_copy
                0x000000001c00aa50        0x0 /module/examples/other/my_example/BUILD/GAP8_V2/GCC_RISCV_FREERTOS/hello_world_gap8.o
 .rela.text.pi_cl_uart_write
                0x000000001c00aa50        0x0 /module/examples/other/my_example/BUILD/GAP8_V2/GCC_RISCV_FREERTOS/hello_world_gap8.o
 .rela.text.pi_cl_uart_write_byte
                0x000000001c00aa50        0x0 /module/examples/other/my_example/BUILD/GAP8_V2/GCC_RISCV_FREERTOS/hello_world_gap8.o
 .rela.text.pi_cl_uart_read
                0x000000001c00aa50        0x0 /module/examples/other/my_example/BUILD/GAP8_V2/GCC_RISCV_FREERTOS/hello_world_gap8.o
 .rela.text.pi_cl_uart_read_byte
                0x000000001c00aa50        0x0 /module/examples/other/my_example/BUILD/GAP8_V2/GCC_RISCV_FREERTOS/hello_world_gap8.o
 .rela.text.gpio_handler
                0x000000001c00aa50        0x0 /module/examples/other/my_example/BUILD/GAP8_V2/GCC_RISCV_FREERTOS/hello_world_gap8.o
 .rela.text.pi_gpio_open
                0x000000001c00aa50        0x0 /module/examples/other/my_example/BUILD/GAP8_V2/GCC_RISCV_FREERTOS/hello_world_gap8.o
 .rela.text.pi_gpio_close
                0x000000001c00aa50        0x0 /module/examples/other/my_example/BUILD/GAP8_V2/GCC_RISCV_FREERTOS/hello_world_gap8.o
 .rela.text.pi_gpio_pin_configure
                0x000000001c00aa50        0x0 /module/examples/other/my_example/BUILD/GAP8_V2/GCC_RISCV_FREERTOS/hello_world_gap8.o
 .rela.text.pi_pmu_voltage_set
                0x000000001c00aa50        0x0 /module/examples/other/my_example/BUILD/GAP8_V2/GCC_RISCV_FREERTOS/hello_world_gap8.o
 .rela.text.pi_pmu_state_get
                0x000000001c00aa50        0x0 /module/examples/other/my_example/BUILD/GAP8_V2/GCC_RISCV_FREERTOS/hello_world_gap8.o
 .rela.text.pi_pmu_boot_state_get
                0x000000001c00aa50        0x0 /module/examples/other/my_example/BUILD/GAP8_V2/GCC_RISCV_FREERTOS/hello_world_gap8.o
 .rela.text.pi_pmu_sleep_mode_set
                0x000000001c00aa50        0x0 /module/examples/other/my_example/BUILD/GAP8_V2/GCC_RISCV_FREERTOS/hello_world_gap8.o
 .rela.text.pi_pmu_sleep_mode_enable
                0x000000001c00aa50        0x0 /module/examples/other/my_example/BUILD/GAP8_V2/GCC_RISCV_FREERTOS/hello_world_gap8.o
 .rela.text.__pi_pmu_handler
                0x000000001c00aa50        0x0 /module/examples/other/my_example/BUILD/GAP8_V2/GCC_RISCV_FREERTOS/hello_world_gap8.o
 .rela.text.__pi_pmu_voltage_set
                0x000000001c00aa50        0x0 /module/examples/other/my_example/BUILD/GAP8_V2/GCC_RISCV_FREERTOS/hello_world_gap8.o
 .rela.text.__pi_pmu_sleep_mode_enable
                0x000000001c00aa50        0x0 /module/examples/other/my_example/BUILD/GAP8_V2/GCC_RISCV_FREERTOS/hello_world_gap8.o
 .rela.text.__pi_pmu_cluster_power_on
                0x000000001c00aa50        0x0 /module/examples/other/my_example/BUILD/GAP8_V2/GCC_RISCV_FREERTOS/hello_world_gap8.o
 .rela.text.__pi_pmu_cluster_power_off
                0x000000001c00aa50        0x0 /module/examples/other/my_example/BUILD/GAP8_V2/GCC_RISCV_FREERTOS/hello_world_gap8.o
 .rela.text.pi_pwm_conf_init
                0x000000001c00aa50        0x0 /module/examples/other/my_example/BUILD/GAP8_V2/GCC_RISCV_FREERTOS/hello_world_gap8.o
 .rela.text.pi_pwm_open
                0x000000001c00aa50        0x0 /module/examples/other/my_example/BUILD/GAP8_V2/GCC_RISCV_FREERTOS/hello_world_gap8.o
 .rela.text.pi_pwm_close
                0x000000001c00aa50        0x0 /module/examples/other/my_example/BUILD/GAP8_V2/GCC_RISCV_FREERTOS/hello_world_gap8.o
 .rela.text.pi_pwm_ioctl
                0x000000001c00aa50        0x0 /module/examples/other/my_example/BUILD/GAP8_V2/GCC_RISCV_FREERTOS/hello_world_gap8.o
 .rela.text.pi_pwm_counter_get
                0x000000001c00aa50        0x0 /module/examples/other/my_example/BUILD/GAP8_V2/GCC_RISCV_FREERTOS/hello_world_gap8.o
 .rela.text.pi_pwm_duty_cycle_set
                0x000000001c00aa50        0x0 /module/examples/other/my_example/BUILD/GAP8_V2/GCC_RISCV_FREERTOS/hello_world_gap8.o
 .rela.text.__pi_pwm_handler
                0x000000001c00aa50        0x0 /module/examples/other/my_example/BUILD/GAP8_V2/GCC_RISCV_FREERTOS/hello_world_gap8.o
 .rela.text.__pi_pwm_open
                0x000000001c00aa50        0x0 /module/examples/other/my_example/BUILD/GAP8_V2/GCC_RISCV_FREERTOS/hello_world_gap8.o
 .rela.text.__pi_pwm_close
                0x000000001c00aa50        0x0 /module/examples/other/my_example/BUILD/GAP8_V2/GCC_RISCV_FREERTOS/hello_world_gap8.o
 .rela.text.pi_rtc_conf_init
                0x000000001c00aa50        0x0 /module/examples/other/my_example/BUILD/GAP8_V2/GCC_RISCV_FREERTOS/hello_world_gap8.o
 .rela.text.pi_rtc_open
                0x000000001c00aa50        0x0 /module/examples/other/my_example/BUILD/GAP8_V2/GCC_RISCV_FREERTOS/hello_world_gap8.o
 .rela.text.pi_rtc_close
                0x000000001c00aa50        0x0 /module/examples/other/my_example/BUILD/GAP8_V2/GCC_RISCV_FREERTOS/hello_world_gap8.o
 .rela.text.pi_rtc_datetime_set
                0x000000001c00aa50        0x0 /module/examples/other/my_example/BUILD/GAP8_V2/GCC_RISCV_FREERTOS/hello_world_gap8.o
 .rela.text.pi_rtc_datetime_get
                0x000000001c00aa50        0x0 /module/examples/other/my_example/BUILD/GAP8_V2/GCC_RISCV_FREERTOS/hello_world_gap8.o
 .rela.text.pi_rtc_alarm_set
                0x000000001c00aa50        0x0 /module/examples/other/my_example/BUILD/GAP8_V2/GCC_RISCV_FREERTOS/hello_world_gap8.o
 .rela.text.pi_rtc_alarm_get
                0x000000001c00aa50        0x0 /module/examples/other/my_example/BUILD/GAP8_V2/GCC_RISCV_FREERTOS/hello_world_gap8.o
 .rela.text.pi_rtc_timer_set
                0x000000001c00aa50        0x0 /module/examples/other/my_example/BUILD/GAP8_V2/GCC_RISCV_FREERTOS/hello_world_gap8.o
 .rela.text.pi_rtc_timer_get
                0x000000001c00aa50        0x0 /module/examples/other/my_example/BUILD/GAP8_V2/GCC_RISCV_FREERTOS/hello_world_gap8.o
 .rela.text.pi_rtc_ioctl
                0x000000001c00aa50        0x0 /module/examples/other/my_example/BUILD/GAP8_V2/GCC_RISCV_FREERTOS/hello_world_gap8.o
 .rela.text.__pi_rtc_datetime_check
                0x000000001c00aa50        0x0 /module/examples/other/my_example/BUILD/GAP8_V2/GCC_RISCV_FREERTOS/hello_world_gap8.o
 .rela.text.__pi_rtc_handler
                0x000000001c00aa50        0x0 /module/examples/other/my_example/BUILD/GAP8_V2/GCC_RISCV_FREERTOS/hello_world_gap8.o
 .rela.text.__pi_rtc_irq_type_handle
                0x000000001c00aa50        0x0 /module/examples/other/my_example/BUILD/GAP8_V2/GCC_RISCV_FREERTOS/hello_world_gap8.o
 .rela.text.__pi_rtc_datetime_set
                0x000000001c00aa50        0x0 /module/examples/other/my_example/BUILD/GAP8_V2/GCC_RISCV_FREERTOS/hello_world_gap8.o
 .rela.text.__pi_rtc_alarm_set
                0x000000001c00aa50        0x0 /module/examples/other/my_example/BUILD/GAP8_V2/GCC_RISCV_FREERTOS/hello_world_gap8.o
 .rela.text.pi_timer_irq_set
                0x000000001c00aa50        0x0 /module/examples/other/my_example/BUILD/GAP8_V2/GCC_RISCV_FREERTOS/hello_world_gap8.o
 .rela.text.pi_hyper_open
                0x000000001c00aa50        0x0 /module/examples/other/my_example/BUILD/GAP8_V2/GCC_RISCV_FREERTOS/hello_world_gap8.o
 .rela.text.pi_hyper_close
                0x000000001c00aa50        0x0 /module/examples/other/my_example/BUILD/GAP8_V2/GCC_RISCV_FREERTOS/hello_world_gap8.o
 .rela.text.pi_cpi_conf_init
                0x000000001c00aa50        0x0 /module/examples/other/my_example/BUILD/GAP8_V2/GCC_RISCV_FREERTOS/hello_world_gap8.o
 .rela.text.pi_cpi_open
                0x000000001c00aa50        0x0 /module/examples/other/my_example/BUILD/GAP8_V2/GCC_RISCV_FREERTOS/hello_world_gap8.o
 .rela.text.pi_cpi_close
                0x000000001c00aa50        0x0 /module/examples/other/my_example/BUILD/GAP8_V2/GCC_RISCV_FREERTOS/hello_world_gap8.o
 .rela.text.pi_cpi_capture
                0x000000001c00aa50        0x0 /module/examples/other/my_example/BUILD/GAP8_V2/GCC_RISCV_FREERTOS/hello_world_gap8.o
 .rela.text.pi_cpi_capture_async
                0x000000001c00aa50        0x0 /module/examples/other/my_example/BUILD/GAP8_V2/GCC_RISCV_FREERTOS/hello_world_gap8.o
 .rela.text.__pi_cpi_handler
                0x000000001c00aa50        0x0 /module/examples/other/my_example/BUILD/GAP8_V2/GCC_RISCV_FREERTOS/hello_world_gap8.o
 .rela.text.__pi_cpi_open
                0x000000001c00aa50        0x0 /module/examples/other/my_example/BUILD/GAP8_V2/GCC_RISCV_FREERTOS/hello_world_gap8.o
 .rela.text.__pi_cpi_close
                0x000000001c00aa50        0x0 /module/examples/other/my_example/BUILD/GAP8_V2/GCC_RISCV_FREERTOS/hello_world_gap8.o
 .rela.text.pi_dmacpy_conf_init
                0x000000001c00aa50        0x0 /module/examples/other/my_example/BUILD/GAP8_V2/GCC_RISCV_FREERTOS/hello_world_gap8.o
 .rela.text.pi_dmacpy_open
                0x000000001c00aa50        0x0 /module/examples/other/my_example/BUILD/GAP8_V2/GCC_RISCV_FREERTOS/hello_world_gap8.o
 .rela.text.pi_dmacpy_close
                0x000000001c00aa50        0x0 /module/examples/other/my_example/BUILD/GAP8_V2/GCC_RISCV_FREERTOS/hello_world_gap8.o
 .rela.text.pi_dmacpy_copy